Archive member included to satisfy reference by file (symbol)

d:/app/clion-dependency/gcc-arm/bin/../lib/gcc/arm-none-eabi/10.3.1/../../../../arm-none-eabi/lib/thumb/v7e-m+fp/hard\libc_nano.a(lib_a-errno.o)
                              build/sysmem.o (__errno)
d:/app/clion-dependency/gcc-arm/bin/../lib/gcc/arm-none-eabi/10.3.1/../../../../arm-none-eabi/lib/thumb/v7e-m+fp/hard\libc_nano.a(lib_a-exit.o)
                              d:/app/clion-dependency/gcc-arm/bin/../lib/gcc/arm-none-eabi/10.3.1/../../../../arm-none-eabi/lib/thumb/v7e-m+fp/hard/crt0.o (exit)
d:/app/clion-dependency/gcc-arm/bin/../lib/gcc/arm-none-eabi/10.3.1/../../../../arm-none-eabi/lib/thumb/v7e-m+fp/hard\libc_nano.a(lib_a-impure.o)
                              d:/app/clion-dependency/gcc-arm/bin/../lib/gcc/arm-none-eabi/10.3.1/../../../../arm-none-eabi/lib/thumb/v7e-m+fp/hard\libc_nano.a(lib_a-exit.o) (_global_impure_ptr)
d:/app/clion-dependency/gcc-arm/bin/../lib/gcc/arm-none-eabi/10.3.1/../../../../arm-none-eabi/lib/thumb/v7e-m+fp/hard\libc_nano.a(lib_a-init.o)
                              d:/app/clion-dependency/gcc-arm/bin/../lib/gcc/arm-none-eabi/10.3.1/../../../../arm-none-eabi/lib/thumb/v7e-m+fp/hard/crt0.o (__libc_init_array)
d:/app/clion-dependency/gcc-arm/bin/../lib/gcc/arm-none-eabi/10.3.1/../../../../arm-none-eabi/lib/thumb/v7e-m+fp/hard\libc_nano.a(lib_a-memcpy-stub.o)
                              build/queue.o (memcpy)
d:/app/clion-dependency/gcc-arm/bin/../lib/gcc/arm-none-eabi/10.3.1/../../../../arm-none-eabi/lib/thumb/v7e-m+fp/hard\libc_nano.a(lib_a-memset.o)
                              d:/app/clion-dependency/gcc-arm/bin/../lib/gcc/arm-none-eabi/10.3.1/../../../../arm-none-eabi/lib/thumb/v7e-m+fp/hard/crt0.o (memset)
d:/app/clion-dependency/gcc-arm/bin/../lib/gcc/arm-none-eabi/10.3.1/../../../../arm-none-eabi/lib/thumb/v7e-m+fp/hard\libc_nano.a(lib_a-snprintf.o)
                              build/app_display.o (snprintf)
d:/app/clion-dependency/gcc-arm/bin/../lib/gcc/arm-none-eabi/10.3.1/../../../../arm-none-eabi/lib/thumb/v7e-m+fp/hard\libc_nano.a(lib_a-vsprintf.o)
                              build/OLED.o (vsprintf)
d:/app/clion-dependency/gcc-arm/bin/../lib/gcc/arm-none-eabi/10.3.1/../../../../arm-none-eabi/lib/thumb/v7e-m+fp/hard\libc_nano.a(lib_a-nano-svfprintf.o)
                              d:/app/clion-dependency/gcc-arm/bin/../lib/gcc/arm-none-eabi/10.3.1/../../../../arm-none-eabi/lib/thumb/v7e-m+fp/hard\libc_nano.a(lib_a-snprintf.o) (_svfprintf_r)
d:/app/clion-dependency/gcc-arm/bin/../lib/gcc/arm-none-eabi/10.3.1/../../../../arm-none-eabi/lib/thumb/v7e-m+fp/hard\libc_nano.a(lib_a-nano-vfprintf_i.o)
                              d:/app/clion-dependency/gcc-arm/bin/../lib/gcc/arm-none-eabi/10.3.1/../../../../arm-none-eabi/lib/thumb/v7e-m+fp/hard\libc_nano.a(lib_a-nano-svfprintf.o) (_printf_i)
d:/app/clion-dependency/gcc-arm/bin/../lib/gcc/arm-none-eabi/10.3.1/../../../../arm-none-eabi/lib/thumb/v7e-m+fp/hard\libc_nano.a(lib_a-memchr.o)
                              d:/app/clion-dependency/gcc-arm/bin/../lib/gcc/arm-none-eabi/10.3.1/../../../../arm-none-eabi/lib/thumb/v7e-m+fp/hard\libc_nano.a(lib_a-nano-svfprintf.o) (memchr)
d:/app/clion-dependency/gcc-arm/bin/../lib/gcc/arm-none-eabi/10.3.1/../../../../arm-none-eabi/lib/thumb/v7e-m+fp/hard\libc_nano.a(lib_a-memmove.o)
                              d:/app/clion-dependency/gcc-arm/bin/../lib/gcc/arm-none-eabi/10.3.1/../../../../arm-none-eabi/lib/thumb/v7e-m+fp/hard\libc_nano.a(lib_a-nano-svfprintf.o) (memmove)
d:/app/clion-dependency/gcc-arm/bin/../lib/gcc/arm-none-eabi/10.3.1/../../../../arm-none-eabi/lib/thumb/v7e-m+fp/hard\libc_nano.a(lib_a-nano-freer.o)
                              d:/app/clion-dependency/gcc-arm/bin/../lib/gcc/arm-none-eabi/10.3.1/../../../../arm-none-eabi/lib/thumb/v7e-m+fp/hard\libc_nano.a(lib_a-nano-svfprintf.o) (_free_r)
d:/app/clion-dependency/gcc-arm/bin/../lib/gcc/arm-none-eabi/10.3.1/../../../../arm-none-eabi/lib/thumb/v7e-m+fp/hard\libc_nano.a(lib_a-nano-mallocr.o)
                              d:/app/clion-dependency/gcc-arm/bin/../lib/gcc/arm-none-eabi/10.3.1/../../../../arm-none-eabi/lib/thumb/v7e-m+fp/hard\libc_nano.a(lib_a-nano-svfprintf.o) (_malloc_r)
d:/app/clion-dependency/gcc-arm/bin/../lib/gcc/arm-none-eabi/10.3.1/../../../../arm-none-eabi/lib/thumb/v7e-m+fp/hard\libc_nano.a(lib_a-nano-reallocr.o)
                              d:/app/clion-dependency/gcc-arm/bin/../lib/gcc/arm-none-eabi/10.3.1/../../../../arm-none-eabi/lib/thumb/v7e-m+fp/hard\libc_nano.a(lib_a-nano-svfprintf.o) (_realloc_r)
d:/app/clion-dependency/gcc-arm/bin/../lib/gcc/arm-none-eabi/10.3.1/../../../../arm-none-eabi/lib/thumb/v7e-m+fp/hard\libc_nano.a(lib_a-sbrkr.o)
                              d:/app/clion-dependency/gcc-arm/bin/../lib/gcc/arm-none-eabi/10.3.1/../../../../arm-none-eabi/lib/thumb/v7e-m+fp/hard\libc_nano.a(lib_a-nano-mallocr.o) (_sbrk_r)
[...]
Memory Configuration

Name             Origin             Length             Attributes
RAM              0x20000000         0x00020000         xrw
CCMRAM           0x10000000         0x00010000         xrw
FLASH            0x08000000         0x00100000         xr
*default*        0x00000000         0xffffffff

Linker script and memory map

LOAD d:/app/clion-dependency/gcc-arm/bin/../lib/gcc/arm-none-eabi/10.3.1/thumb/v7e-m+fp/hard/crti.o
LOAD d:/app/clion-dependency/gcc-arm/bin/../lib/gcc/arm-none-eabi/10.3.1/thumb/v7e-m+fp/hard/crtbegin.o
LOAD d:/app/clion-dependency/gcc-arm/bin/../lib/gcc/arm-none-eabi/10.3.1/../../../../arm-none-eabi/lib/thumb/v7e-m+fp/hard/crt0.o
LOAD build/main.o
LOAD build/gpio.o
LOAD build/freertos.o
LOAD build/adc.o
LOAD build/dma.o
LOAD build/i2c.o
LOAD build/spi.o
LOAD build/tim.o
LOAD build/usart.o
LOAD build/stm32f4xx_it.o
LOAD build/stm32f4xx_hal_msp.o
LOAD build/stm32f4xx_hal_timebase_tim.o
LOAD build/stm32f4xx_hal_tim.o
LOAD build/stm32f4xx_hal_tim_ex.o
LOAD build/stm32f4xx_hal_adc.o
LOAD build/stm32f4xx_hal_adc_ex.o
LOAD build/stm32f4xx_ll_adc.o
LOAD build/stm32f4xx_hal_rcc.o
LOAD build/stm32f4xx_hal_rcc_ex.o
LOAD build/stm32f4xx_hal_flash.o
LOAD build/stm32f4xx_hal_flash_ex.o
LOAD build/stm32f4xx_hal_flash_ramfunc.o
LOAD build/stm32f4xx_hal_gpio.o
LOAD build/stm32f4xx_hal_dma_ex.o
LOAD build/stm32f4xx_hal_dma.o
LOAD build/stm32f4xx_hal_pwr.o
LOAD build/stm32f4xx_hal_pwr_ex.o
LOAD build/stm32f4xx_hal_cortex.o
LOAD build/stm32f4xx_hal.o
LOAD build/stm32f4xx_hal_exti.o
LOAD build/stm32f4xx_hal_i2c.o
LOAD build/stm32f4xx_hal_i2c_ex.o
LOAD build/stm32f4xx_hal_spi.o
LOAD build/stm32f4xx_hal_uart.o
LOAD build/system_stm32f4xx.o
LOAD build/croutine.o
LOAD build/event_groups.o
LOAD build/list.o
LOAD build/queue.o
LOAD build/stream_buffer.o
LOAD build/tasks.o
LOAD build/timers.o
LOAD build/cmsis_os2.o
LOAD build/heap_4.o
LOAD build/port.o
LOAD build/sysmem.o
LOAD build/syscalls.o
LOAD build/9834.o
LOAD build/OLED_Data.o
LOAD build/OLED.o
LOAD build/bsp_afe.o
LOAD build/bsp_tim4.o
LOAD build/app_measure.o
LOAD build/app_display.o
LOAD build/app_key.o
LOAD build/startup_stm32f405xx.o
LOAD d:/app/clion-dependency/gcc-arm/bin/../lib/gcc/arm-none-eabi/10.3.1/../../../../arm-none-eabi/lib/thumb/v7e-m+fp/hard\libc_nano.a
LOAD d:/app/clion-dependency/gcc-arm/bin/../lib/gcc/arm-none-eabi/10.3.1/../../../../arm-none-eabi/lib/thumb/v7e-m+fp/hard\libm.a
LOAD d:/app/clion-dependency/gcc-arm/bin/../lib/gcc/arm-none-eabi/10.3.1/../../../../arm-none-eabi/lib/thumb/v7e-m+fp/hard\libnosys.a
START GROUP
LOAD d:/app/clion-dependency/gcc-arm/bin/../lib/gcc/arm-none-eabi/10.3.1/thumb/v7e-m+fp/hard\libgcc.a
LOAD d:/app/clion-dependency/gcc-arm/bin/../lib/gcc/arm-none-eabi/10.3.1/../../../../arm-none-eabi/lib/thumb/v7e-m+fp/hard\libc_nano.a
END GROUP
START GROUP
LOAD d:/app/clion-dependency/gcc-arm/bin/../lib/gcc/arm-none-eabi/10.3.1/thumb/v7e-m+fp/hard\libgcc.a
LOAD d:/app/clion-dependency/gcc-arm/bin/../lib/gcc/arm-none-eabi/10.3.1/../../../../arm-none-eabi/lib/thumb/v7e-m+fp/hard\libc_nano.a
END GROUP
LOAD d:/app/clion-dependency/gcc-arm/bin/../lib/gcc/arm-none-eabi/10.3.1/thumb/v7e-m+fp/hard/crtend.o
LOAD d:/app/clion-dependency/gcc-arm/bin/../lib/gcc/arm-none-eabi/10.3.1/thumb/v7e-m+fp/hard/crtn.o
                0x20020000                _estack = (ORIGIN (RAM) + LENGTH (RAM))
                0x00000200                _Min_Heap_Size = 0x200
                0x00000400                _Min_Stack_Size = 0x400

.isr_vector     0x08000000      0x188
                0x08000000                . = ALIGN (0x4)
 *(.isr_vector)
 .isr_vector    0x08000000      0x188 build/startup_stm32f405xx.o
                0x08000000                g_pfnVectors
                0x08000188                . = ALIGN (0x4)

.text           0x08000190     0x9230
                0x08000190                . = ALIGN (0x4)
 *(.text)
 .text          0x08000190       0x40 d:/app/clion-dependency/gcc-arm/bin/../lib/gcc/arm-none-eabi/10.3.1/thumb/v7e-m+fp/hard/crtbegin.o
 .text          0x080001d0       0xa0 d:/app/clion-dependency/gcc-arm/bin/../lib/gcc/arm-none-eabi/10.3.1/../../../../arm-none-eabi/lib/thumb/v7e-m+fp/hard\libc_nano.a(lib_a-memchr.o)
                0x080001d0                memchr
 .text          0x08000270      0x378 d:/app/clion-dependency/gcc-arm/bin/../lib/gcc/arm-none-eabi/10.3.1/thumb/v7e-m+fp/hard\libgcc.a(_arm_addsubdf3.o)
                0x08000270                __aeabi_drsub
                0x08000278                __aeabi_dsub
                0x08000278                __subdf3
                0x0800027c                __aeabi_dadd
                0x0800027c                __adddf3
                0x080004f4                __floatunsidf
                0x080004f4                __aeabi_ui2d
                0x08000514                __floatsidf
                0x08000514                __aeabi_i2d
                0x08000538                __aeabi_f2d
                0x08000538                __extendsfdf2
                0x0800057c                __floatundidf
                0x0800057c                __aeabi_ul2d
                0x0800058c                __floatdidf
                0x0800058c                __aeabi_l2d
 .text          0x080005e8      0x424 d:/app/clion-dependency/gcc-arm/bin/../lib/gcc/arm-none-eabi/10.3.1/thumb/v7e-m+fp/hard\libgcc.a(_arm_muldivdf3.o)
                0x080005e8                __aeabi_dmul
                0x080005e8                __muldf3
                0x0800083c                __divdf3
                0x0800083c                __aeabi_ddiv
 .text          0x08000a0c       0x40 d:/app/clion-dependency/gcc-arm/bin/../lib/gcc/arm-none-eabi/10.3.1/thumb/v7e-m+fp/hard\libgcc.a(_arm_fixunsdfsi.o)
                0x08000a0c                __aeabi_d2uiz
                0x08000a0c                __fixunsdfsi
 .text          0x08000a4c       0x30 d:/app/clion-dependency/gcc-arm/bin/../lib/gcc/arm-none-eabi/10.3.1/thumb/v7e-m+fp/hard\libgcc.a(_aeabi_uldivmod.o)
                0x08000a4c                __aeabi_uldivmod
 .text          0x08000a7c      0x2d0 d:/app/clion-dependency/gcc-arm/bin/../lib/gcc/arm-none-eabi/10.3.1/thumb/v7e-m+fp/hard\libgcc.a(_udivmoddi4.o)
                0x08000a7c                __udivmoddi4
 .text          0x08000d4c        0x4 d:/app/clion-dependency/gcc-arm/bin/../lib/gcc/arm-none-eabi/10.3.1/thumb/v7e-m+fp/hard\libgcc.a(_dvmd_tls.o)
                0x08000d4c                __aeabi_idiv0
                0x08000d4c                __aeabi_ldiv0
 *(.text*)
 .text.HAL_TIM_PeriodElapsedCallback
                0x08000d50       0x18 build/main.o
                0x08000d50                HAL_TIM_PeriodElapsedCallback
 .text.Error_Handler
                0x08000d68        0x4 build/main.o
                0x08000d68                Error_Handler
 .text.SystemClock_Config
                0x08000d6c       0xa8 build/main.o
                0x08000d6c                SystemClock_Config
 .text.main     0x08000e14       0x40 build/main.o
                0x08000e14                main
 .text.MX_GPIO_Init
                0x08000e54      0x164 build/gpio.o
                0x08000e54                MX_GPIO_Init
 .text.StartMeasureTask
                0x08000fb8        0xc build/freertos.o
                0x08000fb8                StartMeasureTask
 .text.StartDisplayTask
                0x08000fc4        0xc build/freertos.o
                0x08000fc4                StartDisplayTask
 .text.StartKeyTask
                0x08000fd0        0xc build/freertos.o
                0x08000fd0                StartKeyTask
 .text.MX_FREERTOS_Init
                0x08000fdc       0x7c build/freertos.o
                0x08000fdc                MX_FREERTOS_Init
 .text.MX_ADC1_Init
                0x08001058       0x70 build/adc.o
                0x08001058                MX_ADC1_Init
 .text.MX_ADC2_Init
                0x080010c8       0x70 build/adc.o
                0x080010c8                MX_ADC2_Init
 .text.HAL_ADC_MspInit
                0x08001138      0x118 build/adc.o
                0x08001138                HAL_ADC_MspInit
 .text.HAL_ADC_MspDeInit
                0x08001250       0x54 build/adc.o
                0x08001250                HAL_ADC_MspDeInit
 .text.MX_DMA_Init
                0x080012a4       0x34 build/dma.o
                0x080012a4                MX_DMA_Init
 .text.MX_I2C1_Init
                0x080012d8       0x3c build/i2c.o
                0x080012d8                MX_I2C1_Init
 .text.HAL_I2C_MspInit
                0x08001314       0x70 build/i2c.o
                0x08001314                HAL_I2C_MspInit
 .text.MX_SPI1_Init
                0x08001384       0x44 build/spi.o
                0x08001384                MX_SPI1_Init
 .text.HAL_SPI_MspInit
                0x080013c8       0x70 build/spi.o
                0x080013c8                HAL_SPI_MspInit
 .text.MX_TIM6_Init
                0x08001438       0x50 build/tim.o
                0x08001438                MX_TIM6_Init
 .text.HAL_TIM_Base_MspInit
                0x08001488       0x68 build/tim.o
                0x08001488                HAL_TIM_Base_MspInit
 .text.HAL_TIM_MspPostInit
                0x080014f0       0x58 build/tim.o
                0x080014f0                HAL_TIM_MspPostInit
 .text.MX_TIM4_Init
                0x08001548       0xcc build/tim.o
                0x08001548                MX_TIM4_Init
 .text.MX_USART1_UART_Init
                0x08001614       0x34 build/usart.o
                0x08001614                MX_USART1_UART_Init
 .text.MX_USART3_UART_Init
                0x08001648       0x34 build/usart.o
                0x08001648                MX_USART3_UART_Init
 .text.HAL_UART_MspInit
                0x0800167c       0xc8 build/usart.o
                0x0800167c                HAL_UART_MspInit
 .text.NMI_Handler
                0x08001744        0x2 build/stm32f4xx_it.o
                0x08001744                NMI_Handler
 .text.HardFault_Handler
                0x08001746        0x2 build/stm32f4xx_it.o
                0x08001746                HardFault_Handler
 .text.MemManage_Handler
                0x08001748        0x2 build/stm32f4xx_it.o
                0x08001748                MemManage_Handler
 .text.BusFault_Handler
                0x0800174a        0x2 build/stm32f4xx_it.o
                0x0800174a                BusFault_Handler
 .text.UsageFault_Handler
                0x0800174c        0x2 build/stm32f4xx_it.o
                0x0800174c                UsageFault_Handler
 .text.DebugMon_Handler
                0x0800174e        0x2 build/stm32f4xx_it.o
                0x0800174e                DebugMon_Handler
 .text.EXTI0_IRQHandler
                0x08001750        0xa build/stm32f4xx_it.o
                0x08001750                EXTI0_IRQHandler
 *fill*         0x0800175a        0x2 
 .text.ADC_IRQHandler
                0x0800175c       0x18 build/stm32f4xx_it.o
                0x0800175c                ADC_IRQHandler
 .text.TIM6_DAC_IRQHandler
                0x08001774       0x10 build/stm32f4xx_it.o
                0x08001774                TIM6_DAC_IRQHandler
 .text.TIM7_IRQHandler
                0x08001784       0x10 build/stm32f4xx_it.o
                0x08001784                TIM7_IRQHandler
 .text.DMA2_Stream0_IRQHandler
                0x08001794       0x10 build/stm32f4xx_it.o
                0x08001794                DMA2_Stream0_IRQHandler
 .text.HAL_GPIO_EXTI_Callback
                0x080017a4        0xe build/stm32f4xx_it.o
                0x080017a4                HAL_GPIO_EXTI_Callback
 *fill*         0x080017b2        0x2 
 .text.HAL_MspInit
                0x080017b4       0x44 build/stm32f4xx_hal_msp.o
                0x080017b4                HAL_MspInit
 .text.HAL_InitTick
                0x080017f8       0xa4 build/stm32f4xx_hal_timebase_tim.o
                0x080017f8                HAL_InitTick
 .text.TIM_OC1_SetConfig
                0x0800189c       0x68 build/stm32f4xx_hal_tim.o
 .text.TIM_OC3_SetConfig
                0x08001904       0x70 build/stm32f4xx_hal_tim.o
 .text.TIM_OC4_SetConfig
                0x08001974       0x50 build/stm32f4xx_hal_tim.o
 .text.TIM_TI1_ConfigInputStage
                0x080019c4       0x26 build/stm32f4xx_hal_tim.o
 .text.TIM_TI2_ConfigInputStage
                0x080019ea       0x28 build/stm32f4xx_hal_tim.o
 .text.TIM_ITRx_SetConfig
                0x08001a12       0x10 build/stm32f4xx_hal_tim.o
 *fill*         0x08001a22        0x2 
 .text.HAL_TIM_Base_Start_IT
                0x08001a24       0x88 build/stm32f4xx_hal_tim.o
                0x08001a24                HAL_TIM_Base_Start_IT
 .text.HAL_TIM_OC_MspInit
                0x08001aac        0x2 build/stm32f4xx_hal_tim.o
                0x08001aac                HAL_TIM_OC_MspInit
 .text.HAL_TIM_OC_DelayElapsedCallback
                0x08001aae        0x2 build/stm32f4xx_hal_tim.o
                0x08001aae                HAL_TIM_OC_DelayElapsedCallback
 .text.HAL_TIM_IC_CaptureCallback
                0x08001ab0        0x2 build/stm32f4xx_hal_tim.o
                0x08001ab0                HAL_TIM_IC_CaptureCallback
 .text.HAL_TIM_PWM_PulseFinishedCallback
                0x08001ab2        0x2 build/stm32f4xx_hal_tim.o
                0x08001ab2                HAL_TIM_PWM_PulseFinishedCallback
 .text.HAL_TIM_TriggerCallback
                0x08001ab4        0x2 build/stm32f4xx_hal_tim.o
                0x08001ab4                HAL_TIM_TriggerCallback
 .text.HAL_TIM_IRQHandler
                0x08001ab6      0x15e build/stm32f4xx_hal_tim.o
                0x08001ab6                HAL_TIM_IRQHandler
 .text.TIM_Base_SetConfig
                0x08001c14       0xd0 build/stm32f4xx_hal_tim.o
                0x08001c14                TIM_Base_SetConfig
 .text.HAL_TIM_Base_Init
                0x08001ce4       0x58 build/stm32f4xx_hal_tim.o
                0x08001ce4                HAL_TIM_Base_Init
 .text.HAL_TIM_OC_Init
                0x08001d3c       0x58 build/stm32f4xx_hal_tim.o
                0x08001d3c                HAL_TIM_OC_Init
 .text.TIM_OC2_SetConfig
                0x08001d94       0x70 build/stm32f4xx_hal_tim.o
                0x08001d94                TIM_OC2_SetConfig
 .text.HAL_TIM_OC_ConfigChannel
                0x08001e04       0x5e build/stm32f4xx_hal_tim.o
                0x08001e04                HAL_TIM_OC_ConfigChannel
 .text.TIM_ETR_SetConfig
                0x08001e62       0x1a build/stm32f4xx_hal_tim.o
                0x08001e62                TIM_ETR_SetConfig
 .text.HAL_TIM_ConfigClockSource
                0x08001e7c       0xfe build/stm32f4xx_hal_tim.o
                0x08001e7c                HAL_TIM_ConfigClockSource
 .text.TIM_CCxChannelCmd
                0x08001f7a       0x1e build/stm32f4xx_hal_tim.o
                0x08001f7a                TIM_CCxChannelCmd
 .text.HAL_TIM_OC_Start
                0x08001f98      0x104 build/stm32f4xx_hal_tim.o
                0x08001f98                HAL_TIM_OC_Start
 .text.HAL_TIM_OC_Stop
                0x0800209c       0x8c build/stm32f4xx_hal_tim.o
                0x0800209c                HAL_TIM_OC_Stop
 .text.HAL_TIMEx_MasterConfigSynchronization
                0x08002128       0x8c build/stm32f4xx_hal_tim_ex.o
                0x08002128                HAL_TIMEx_MasterConfigSynchronization
 .text.HAL_TIMEx_CommutCallback
                0x080021b4        0x2 build/stm32f4xx_hal_tim_ex.o
                0x080021b4                HAL_TIMEx_CommutCallback
 .text.HAL_TIMEx_BreakCallback
                0x080021b6        0x2 build/stm32f4xx_hal_tim_ex.o
                0x080021b6                HAL_TIMEx_BreakCallback
 .text.ADC_Init
                0x080021b8      0x134 build/stm32f4xx_hal_adc.o
 .text.HAL_ADC_Init
                0x080022ec       0x56 build/stm32f4xx_hal_adc.o
                0x080022ec                HAL_ADC_Init
 .text.HAL_ADC_DeInit
                0x08002342       0x3a build/stm32f4xx_hal_adc.o
                0x08002342                HAL_ADC_DeInit
 .text.HAL_ADC_Start
                0x0800237c      0x144 build/stm32f4xx_hal_adc.o
                0x0800237c                HAL_ADC_Start
 .text.HAL_ADC_Stop
                0x080024c0       0x40 build/stm32f4xx_hal_adc.o
                0x080024c0                HAL_ADC_Stop
 .text.HAL_ADC_PollForConversion
                0x08002500       0xb8 build/stm32f4xx_hal_adc.o
                0x08002500                HAL_ADC_PollForConversion
 .text.HAL_ADC_Start_DMA
                0x080025b8      0x188 build/stm32f4xx_hal_adc.o
                0x080025b8                HAL_ADC_Start_DMA
 .text.HAL_ADC_Stop_DMA
                0x08002740       0x78 build/stm32f4xx_hal_adc.o
                0x08002740                HAL_ADC_Stop_DMA
 .text.HAL_ADC_GetValue
                0x080027b8        0x6 build/stm32f4xx_hal_adc.o
                0x080027b8                HAL_ADC_GetValue
 .text.HAL_ADC_ConvCpltCallback
                0x080027be        0x2 build/stm32f4xx_hal_adc.o
                0x080027be                HAL_ADC_ConvCpltCallback
 .text.HAL_ADC_ConvHalfCpltCallback
                0x080027c0        0x2 build/stm32f4xx_hal_adc.o
                0x080027c0                HAL_ADC_ConvHalfCpltCallback
 .text.ADC_DMAHalfConvCplt
                0x080027c2        0xa build/stm32f4xx_hal_adc.o
 .text.HAL_ADC_LevelOutOfWindowCallback
                0x080027cc        0x2 build/stm32f4xx_hal_adc.o
                0x080027cc                HAL_ADC_LevelOutOfWindowCallback
 .text.HAL_ADC_ErrorCallback
                0x080027ce        0x2 build/stm32f4xx_hal_adc.o
                0x080027ce                HAL_ADC_ErrorCallback
 .text.HAL_ADC_IRQHandler
                0x080027d0      0x142 build/stm32f4xx_hal_adc.o
                0x080027d0                HAL_ADC_IRQHandler
 .text.ADC_DMAError
                0x08002912       0x16 build/stm32f4xx_hal_adc.o
 .text.ADC_DMAConvCplt
                0x08002928       0x72 build/stm32f4xx_hal_adc.o
 *fill*         0x0800299a        0x2 
 .text.HAL_ADC_ConfigChannel
                0x0800299c      0x198 build/stm32f4xx_hal_adc.o
                0x0800299c                HAL_ADC_ConfigChannel
 .text.HAL_ADCEx_InjectedConvCpltCallback
                0x08002b34        0x2 build/stm32f4xx_hal_adc_ex.o
                0x08002b34                HAL_ADCEx_InjectedConvCpltCallback
 *fill*         0x08002b36        0x2 
 .text.HAL_RCC_OscConfig
                0x08002b38      0x3f8 build/stm32f4xx_hal_rcc.o
                0x08002b38                HAL_RCC_OscConfig
 .text.HAL_RCC_GetSysClockFreq
                0x08002f30       0xa4 build/stm32f4xx_hal_rcc.o
                0x08002f30                HAL_RCC_GetSysClockFreq
 .text.HAL_RCC_ClockConfig
                0x08002fd4      0x160 build/stm32f4xx_hal_rcc.o
                0x08002fd4                HAL_RCC_ClockConfig
 .text.HAL_RCC_GetHCLKFreq
                0x08003134        0xc build/stm32f4xx_hal_rcc.o
                0x08003134                HAL_RCC_GetHCLKFreq
 .text.HAL_RCC_GetPCLK1Freq
                0x08003140       0x20 build/stm32f4xx_hal_rcc.o
                0x08003140                HAL_RCC_GetPCLK1Freq
 .text.HAL_RCC_GetPCLK2Freq
                0x08003160       0x20 build/stm32f4xx_hal_rcc.o
                0x08003160                HAL_RCC_GetPCLK2Freq
 .text.HAL_RCC_GetClockConfig
                0x08003180       0x3c build/stm32f4xx_hal_rcc.o
                0x08003180                HAL_RCC_GetClockConfig
 .text.HAL_GPIO_Init
                0x080031bc      0x1e4 build/stm32f4xx_hal_gpio.o
                0x080031bc                HAL_GPIO_Init
 .text.HAL_GPIO_DeInit
                0x080033a0      0x134 build/stm32f4xx_hal_gpio.o
                0x080033a0                HAL_GPIO_DeInit
 .text.HAL_GPIO_ReadPin
                0x080034d4        0xe build/stm32f4xx_hal_gpio.o
                0x080034d4                HAL_GPIO_ReadPin
 .text.HAL_GPIO_WritePin
                0x080034e2        0xc build/stm32f4xx_hal_gpio.o
                0x080034e2                HAL_GPIO_WritePin
 *fill*         0x080034ee        0x2 
 .text.HAL_GPIO_EXTI_IRQHandler
                0x080034f0       0x1c build/stm32f4xx_hal_gpio.o
                0x080034f0                HAL_GPIO_EXTI_IRQHandler
 .text.DMA_SetConfig
                0x0800350c       0x2c build/stm32f4xx_hal_dma.o
 .text.DMA_CalcBaseAndBitshift
                0x08003538       0x44 build/stm32f4xx_hal_dma.o
 .text.DMA_CheckFifoParam
                0x0800357c       0x8e build/stm32f4xx_hal_dma.o
 *fill*         0x0800360a        0x2 
 .text.HAL_DMA_Init
                0x0800360c       0xcc build/stm32f4xx_hal_dma.o
                0x0800360c                HAL_DMA_Init
 .text.HAL_DMA_DeInit
                0x080036d8       0x64 build/stm32f4xx_hal_dma.o
                0x080036d8                HAL_DMA_DeInit
 .text.HAL_DMA_Start_IT
                0x0800373c       0x6a build/stm32f4xx_hal_dma.o
                0x0800373c                HAL_DMA_Start_IT
 .text.HAL_DMA_Abort
                0x080037a6       0x94 build/stm32f4xx_hal_dma.o
                0x080037a6                HAL_DMA_Abort
 *fill*         0x0800383a        0x2 
 .text.HAL_DMA_IRQHandler
                0x0800383c      0x1dc build/stm32f4xx_hal_dma.o
                0x0800383c                HAL_DMA_IRQHandler
 .text.HAL_NVIC_SetPriorityGrouping
                0x08003a18       0x24 build/stm32f4xx_hal_cortex.o
                0x08003a18                HAL_NVIC_SetPriorityGrouping
 .text.HAL_NVIC_SetPriority
                0x08003a3c       0x70 build/stm32f4xx_hal_cortex.o
                0x08003a3c                HAL_NVIC_SetPriority
 .text.HAL_NVIC_EnableIRQ
                0x08003aac       0x1c build/stm32f4xx_hal_cortex.o
                0x08003aac                HAL_NVIC_EnableIRQ
 .text.HAL_Init
                0x08003ac8       0x34 build/stm32f4xx_hal.o
                0x08003ac8                HAL_Init
 .text.HAL_IncTick
                0x08003afc       0x18 build/stm32f4xx_hal.o
                0x08003afc                HAL_IncTick
 .text.HAL_GetTick
                0x08003b14        0xc build/stm32f4xx_hal.o
                0x08003b14                HAL_GetTick
 .text.I2C_IsAcknowledgeFailed
                0x08003b20       0x32 build/stm32f4xx_hal_i2c.o
 .text.I2C_WaitOnFlagUntilTimeout
                0x08003b52       0xaa build/stm32f4xx_hal_i2c.o
 .text.I2C_WaitOnMasterAddressFlagUntilTimeout
                0x08003bfc       0xd6 build/stm32f4xx_hal_i2c.o
 *fill*         0x08003cd2        0x2 
 .text.I2C_MasterRequestWrite
                0x08003cd4       0xb4 build/stm32f4xx_hal_i2c.o
 .text.I2C_WaitOnTXEFlagUntilTimeout
                0x08003d88       0x5e build/stm32f4xx_hal_i2c.o
 .text.I2C_WaitOnBTFFlagUntilTimeout
                0x08003de6       0x5e build/stm32f4xx_hal_i2c.o
 .text.HAL_I2C_Init
                0x08003e44      0x1bc build/stm32f4xx_hal_i2c.o
                0x08003e44                HAL_I2C_Init
 .text.HAL_I2C_Master_Transmit
                0x08004000      0x178 build/stm32f4xx_hal_i2c.o
                0x08004000                HAL_I2C_Master_Transmit
 .text.SPI_WaitFlagStateUntilTimeout
                0x08004178       0xd4 build/stm32f4xx_hal_spi.o
 .text.SPI_EndRxTxTransaction
                0x0800424c       0x80 build/stm32f4xx_hal_spi.o
 .text.HAL_SPI_Init
                0x080042cc       0xbe build/stm32f4xx_hal_spi.o
                0x080042cc                HAL_SPI_Init
 .text.HAL_SPI_Transmit
                0x0800438a      0x1c4 build/stm32f4xx_hal_spi.o
                0x0800438a                HAL_SPI_Transmit
 *fill*         0x0800454e        0x2 
 .text.UART_SetConfig
                0x08004550      0x110 build/stm32f4xx_hal_uart.o
 .text.HAL_UART_Init
                0x08004660       0x60 build/stm32f4xx_hal_uart.o
                0x08004660                HAL_UART_Init
 .text.SystemInit
                0x080046c0       0x14 build/system_stm32f4xx.o
                0x080046c0                SystemInit
 .text.vListInitialise
                0x080046d4       0x16 build/list.o
                0x080046d4                vListInitialise
 .text.vListInitialiseItem
                0x080046ea        0x6 build/list.o
                0x080046ea                vListInitialiseItem
 .text.vListInsertEnd
                0x080046f0       0x16 build/list.o
                0x080046f0                vListInsertEnd
 .text.vListInsert
                0x08004706       0x32 build/list.o
                0x08004706                vListInsert
 .text.uxListRemove
                0x08004738       0x26 build/list.o
                0x08004738                uxListRemove
 .text.prvGetDisinheritPriorityAfterTimeout
                0x0800475e       0x10 build/queue.o
 .text.prvIsQueueFull
                0x0800476e       0x1e build/queue.o
 .text.prvIsQueueEmpty
                0x0800478c       0x1a build/queue.o
 .text.prvCopyDataToQueue
                0x080047a6       0x76 build/queue.o
 .text.prvCopyDataFromQueue
                0x0800481c       0x24 build/queue.o
 .text.prvUnlockQueue
                0x08004840       0x6e build/queue.o
 .text.xQueueGenericReset
                0x080048ae       0x84 build/queue.o
                0x080048ae                xQueueGenericReset
 .text.prvInitialiseNewQueue
                0x08004932       0x22 build/queue.o
 .text.xQueueGenericCreateStatic
                0x08004954       0x94 build/queue.o
                0x08004954                xQueueGenericCreateStatic
 .text.xQueueGenericCreate
                0x080049e8       0x48 build/queue.o
                0x080049e8                xQueueGenericCreate
 .text.xQueueGenericSend
                0x08004a30      0x188 build/queue.o
                0x08004a30                xQueueGenericSend
 .text.prvInitialiseMutex
                0x08004bb8       0x18 build/queue.o
 .text.xQueueCreateMutex
                0x08004bd0       0x16 build/queue.o
                0x08004bd0                xQueueCreateMutex
 .text.xQueueCreateMutexStatic
                0x08004be6       0x1e build/queue.o
                0x08004be6                xQueueCreateMutexStatic
 .text.xQueueGiveMutexRecursive
                0x08004c04       0x40 build/queue.o
                0x08004c04                xQueueGiveMutexRecursive
 .text.xQueueGenericSendFromISR
                0x08004c44       0xce build/queue.o
                0x08004c44                xQueueGenericSendFromISR
 .text.xQueueReceive
                0x08004d12      0x15e build/queue.o
                0x08004d12                xQueueReceive
 .text.xQueueSemaphoreTake
                0x08004e70      0x1a6 build/queue.o
                0x08004e70                xQueueSemaphoreTake
 .text.xQueueTakeMutexRecursive
                0x08005016       0x40 build/queue.o
                0x08005016                xQueueTakeMutexRecursive
 .text.xQueueReceiveFromISR
                0x08005056       0xa8 build/queue.o
                0x08005056                xQueueReceiveFromISR
 *fill*         0x080050fe        0x2 
 .text.vQueueAddToRegistry
                0x08005100       0x28 build/queue.o
                0x08005100                vQueueAddToRegistry
 .text.vQueueWaitForMessageRestricted
                0x08005128       0x52 build/queue.o
                0x08005128                vQueueWaitForMessageRestricted
 *fill*         0x0800517a        0x2 
 .text.prvResetNextTaskUnblockTime
                0x0800517c       0x2c build/tasks.o
 .text.prvInitialiseNewTask
                0x080051a8       0xa6 build/tasks.o
 *fill*         0x0800524e        0x2 
 .text.prvInitialiseTaskLists
                0x08005250       0x68 build/tasks.o
 .text.prvAddNewTaskToReadyList
                0x080052b8       0xac build/tasks.o
 .text.prvDeleteTCB
                0x08005364       0x38 build/tasks.o
 .text.prvCheckTasksWaitingTermination
                0x0800539c       0x4c build/tasks.o
 .text.prvIdleTask
                0x080053e8       0x28 build/tasks.o
 .text.prvAddCurrentTaskToDelayedList
                0x08005410       0x7c build/tasks.o
 .text.xTaskCreateStatic
                0x0800548c       0x76 build/tasks.o
                0x0800548c                xTaskCreateStatic
 .text.xTaskCreate
                0x08005502       0x68 build/tasks.o
                0x08005502                xTaskCreate
 *fill*         0x0800556a        0x2 
 .text.vTaskStartScheduler
                0x0800556c       0x9c build/tasks.o
                0x0800556c                vTaskStartScheduler
 .text.vTaskSuspendAll
                0x08005608       0x10 build/tasks.o
                0x08005608                vTaskSuspendAll
 .text.xTaskGetTickCount
                0x08005618        0xc build/tasks.o
                0x08005618                xTaskGetTickCount
 .text.xTaskIncrementTick
                0x08005624      0x118 build/tasks.o
                0x08005624                xTaskIncrementTick
 .text.xTaskResumeAll
                0x0800573c       0xf8 build/tasks.o
                0x0800573c                xTaskResumeAll
 .text.vTaskDelay
                0x08005834       0x4c build/tasks.o
                0x08005834                vTaskDelay
 .text.vTaskSwitchContext
                0x08005880       0x94 build/tasks.o
                0x08005880                vTaskSwitchContext
 .text.vTaskPlaceOnEventList
                0x08005914       0x30 build/tasks.o
                0x08005914                vTaskPlaceOnEventList
 .text.vTaskPlaceOnEventListRestricted
                0x08005944       0x38 build/tasks.o
                0x08005944                vTaskPlaceOnEventListRestricted
 .text.xTaskRemoveFromEventList
                0x0800597c       0x8c build/tasks.o
                0x0800597c                xTaskRemoveFromEventList
 .text.vTaskInternalSetTimeOutState
                0x08005a08       0x18 build/tasks.o
                0x08005a08                vTaskInternalSetTimeOutState
 .text.xTaskCheckForTimeOut
                0x08005a20       0x84 build/tasks.o
                0x08005a20                xTaskCheckForTimeOut
 .text.vTaskMissedYield
                0x08005aa4        0xc build/tasks.o
                0x08005aa4                vTaskMissedYield
 .text.xTaskGetCurrentTaskHandle
                0x08005ab0        0xc build/tasks.o
                0x08005ab0                xTaskGetCurrentTaskHandle
 .text.xTaskGetSchedulerState
                0x08005abc       0x20 build/tasks.o
                0x08005abc                xTaskGetSchedulerState
 .text.xTaskPriorityInherit
                0x08005adc       0x98 build/tasks.o
                0x08005adc                xTaskPriorityInherit
 .text.xTaskPriorityDisinherit
                0x08005b74       0x90 build/tasks.o
                0x08005b74                xTaskPriorityDisinherit
 .text.vTaskPriorityDisinheritAfterTimeout
                0x08005c04       0xa0 build/tasks.o
                0x08005c04                vTaskPriorityDisinheritAfterTimeout
 .text.pvTaskIncrementMutexHeldCount
                0x08005ca4       0x1c build/tasks.o
                0x08005ca4                pvTaskIncrementMutexHeldCount
 .text.prvGetNextExpireTime
                0x08005cc0       0x20 build/timers.o
 .text.prvInsertTimerInActiveList
                0x08005ce0       0x48 build/timers.o
 .text.prvCheckForValidListAndQueue
                0x08005d28       0x70 build/timers.o
 .text.xTimerCreateTimerTask
                0x08005d98       0x64 build/timers.o
                0x08005d98                xTimerCreateTimerTask
 .text.xTimerGenericCommand
                0x08005dfc       0x6c build/timers.o
                0x08005dfc                xTimerGenericCommand
 .text.prvSwitchTimerLists
                0x08005e68       0x7c build/timers.o
 .text.prvSampleTimeNow
                0x08005ee4       0x2c build/timers.o
 .text.prvProcessExpiredTimer
                0x08005f10       0x6c build/timers.o
 .text.prvProcessTimerOrBlockTask
                0x08005f7c       0x74 build/timers.o
 .text.prvProcessReceivedCommands
                0x08005ff0      0x10c build/timers.o
 .text.prvTimerTask
                0x080060fc       0x16 build/timers.o
 .text.SysTick_Handler
                0x08006112       0x18 build/cmsis_os2.o
                0x08006112                SysTick_Handler
 *fill*         0x0800612a        0x2 
 .text.osKernelInitialize
                0x0800612c       0x24 build/cmsis_os2.o
                0x0800612c                osKernelInitialize
 .text.osKernelStart
                0x08006150       0x38 build/cmsis_os2.o
                0x08006150                osKernelStart
 .text.osThreadNew
                0x08006188       0xbc build/cmsis_os2.o
                0x08006188                osThreadNew
 .text.osDelay  0x08006244       0x1c build/cmsis_os2.o
                0x08006244                osDelay
 .text.osMutexNew
                0x08006260       0x94 build/cmsis_os2.o
                0x08006260                osMutexNew
 .text.osMutexAcquire
                0x080062f4       0x58 build/cmsis_os2.o
                0x080062f4                osMutexAcquire
 .text.osMutexRelease
                0x0800634c       0x4c build/cmsis_os2.o
                0x0800634c                osMutexRelease
 .text.osMessageQueueNew
                0x08006398       0x96 build/cmsis_os2.o
                0x08006398                osMessageQueueNew
 .text.osMessageQueuePut
                0x0800642e       0x84 build/cmsis_os2.o
                0x0800642e                osMessageQueuePut
 .text.osMessageQueueGet
                0x080064b2       0x82 build/cmsis_os2.o
                0x080064b2                osMessageQueueGet
 .text.vApplicationGetIdleTaskMemory
                0x08006534       0x18 build/cmsis_os2.o
                0x08006534                vApplicationGetIdleTaskMemory
 .text.vApplicationGetTimerTaskMemory
                0x0800654c       0x18 build/cmsis_os2.o
                0x0800654c                vApplicationGetTimerTaskMemory
 .text.prvHeapInit
                0x08006564       0x64 build/heap_4.o
 .text.prvInsertBlockIntoFreeList
                0x080065c8       0x64 build/heap_4.o
 .text.pvPortMalloc
                0x0800662c       0xfc build/heap_4.o
                0x0800662c                pvPortMalloc
 .text.vPortFree
                0x08006728       0x7c build/heap_4.o
                0x08006728                vPortFree
 .text.prvTaskExitError
                0x080067a4       0x40 build/port.o
 .text.prvPortStartFirstTask
                0x080067e4       0x28 build/port.o
 .text.vPortEnableVFP
                0x0800680c       0x14 build/port.o
 .text.pxPortInitialiseStack
                0x08006820       0x2c build/port.o
                0x08006820                pxPortInitialiseStack
 *fill*         0x0800684c        0x4 
 .text.SVC_Handler
                0x08006850       0x24 build/port.o
                0x08006850                SVC_Handler
 .text.vPortEnterCritical
                0x08006874       0x44 build/port.o
                0x08006874                vPortEnterCritical
 .text.vPortExitCritical
                0x080068b8       0x2c build/port.o
                0x080068b8                vPortExitCritical
 *fill*         0x080068e4        0xc 
 .text.PendSV_Handler
                0x080068f0       0x64 build/port.o
                0x080068f0                PendSV_Handler
 .text.xPortSysTickHandler
                0x08006954       0x2c build/port.o
                0x08006954                xPortSysTickHandler
 .text.vPortSetupTimerInterrupt
                0x08006980       0x28 build/port.o
                0x08006980                vPortSetupTimerInterrupt
 .text.xPortStartScheduler
                0x080069a8      0x118 build/port.o
                0x080069a8                xPortStartScheduler
 .text.vPortValidateInterruptPriority
                0x08006ac0       0x5c build/port.o
                0x08006ac0                vPortValidateInterruptPriority
 .text._sbrk    0x08006b1c       0x48 build/sysmem.o
                0x08006b1c                _sbrk
 .text.AD9834_Write_16Bits
                0x08006b64       0x38 build/9834.o
                0x08006b64                AD9834_Write_16Bits
 .text.AD9834_Select_Wave
                0x08006b9c       0x3c build/9834.o
                0x08006b9c                AD9834_Select_Wave
 .text.AD9834_Init
                0x08006bd8       0x44 build/9834.o
                0x08006bd8                AD9834_Init
 *fill*         0x08006c1c        0x4 
 .text.AD9834_Set_Freq
                0x08006c20       0x58 build/9834.o
                0x08006c20                AD9834_Set_Freq
 .text.OLED_WriteCommand
                0x08006c78       0x28 build/OLED.o
                0x08006c78                OLED_WriteCommand
 .text.OLED_WriteData
                0x08006ca0       0x4c build/OLED.o
                0x08006ca0                OLED_WriteData
 .text.OLED_SetCursor
                0x08006cec       0x20 build/OLED.o
                0x08006cec                OLED_SetCursor
 .text.OLED_Update
                0x08006d0c       0x28 build/OLED.o
                0x08006d0c                OLED_Update
 .text.OLED_Clear
                0x08006d34       0x2c build/OLED.o
                0x08006d34                OLED_Clear
 .text.OLED_Init
                0x08006d60       0x96 build/OLED.o
                0x08006d60                OLED_Init
 *fill*         0x08006df6        0x2 
 .text.OLED_ClearArea
                0x08006df8       0x70 build/OLED.o
                0x08006df8                OLED_ClearArea
 .text.OLED_ShowImage
                0x08006e68       0xac build/OLED.o
                0x08006e68                OLED_ShowImage
 .text.OLED_ShowChar
                0x08006f14       0x48 build/OLED.o
                0x08006f14                OLED_ShowChar
 .text.OLED_ShowString
                0x08006f5c       0x30 build/OLED.o
                0x08006f5c                OLED_ShowString
 .text.BSP_AFE_SetRref
                0x08006f8c       0x30 build/bsp_afe.o
                0x08006f8c                BSP_AFE_SetRref
 .text.BSP_AFE_GetRref
                0x08006fbc        0xc build/bsp_afe.o
                0x08006fbc                BSP_AFE_GetRref
 .text.BSP_AFE_GetRrefValue
                0x08006fc8       0x38 build/bsp_afe.o
                0x08006fc8                BSP_AFE_GetRrefValue
 .text.BSP_AFE_SetPGAGain
                0x08007000       0x30 build/bsp_afe.o
                0x08007000                BSP_AFE_SetPGAGain
 .text.BSP_AFE_GetPGAGain
                0x08007030        0xc build/bsp_afe.o
                0x08007030                BSP_AFE_GetPGAGain
 .text.BSP_AFE_SetLPF
                0x0800703c       0x30 build/bsp_afe.o
                0x0800703c                BSP_AFE_SetLPF
 .text.BSP_AFE_SetSigChannel
                0x0800706c       0x1c build/bsp_afe.o
                0x0800706c                BSP_AFE_SetSigChannel
 .text.BSP_AFE_SetPhase
                0x08007088       0x1c build/bsp_afe.o
                0x08007088                BSP_AFE_SetPhase
 .text.BSP_AFE_SetMeasureChannel
                0x080070a4       0x10 build/bsp_afe.o
                0x080070a4                BSP_AFE_SetMeasureChannel
 .text.BSP_AFE_SetDDSAmp
                0x080070b4       0x30 build/bsp_afe.o
                0x080070b4                BSP_AFE_SetDDSAmp
 .text.BSP_AFE_Init
                0x080070e4       0x24 build/bsp_afe.o
                0x080070e4                BSP_AFE_Init
 .text.BSP_TIM4_FindParam
                0x08007108       0x30 build/bsp_tim4.o
 .text.BSP_TIM4_ApplyParam
                0x08007138       0x20 build/bsp_tim4.o
 .text.BSP_TIM4_Init
                0x08007158       0x50 build/bsp_tim4.o
                0x08007158                BSP_TIM4_Init
 .text.BSP_TIM4_SetFreq
                0x080071a8       0x64 build/bsp_tim4.o
                0x080071a8                BSP_TIM4_SetFreq
 .text.BSP_TIM4_PhaseSync
                0x0800720c       0x24 build/bsp_tim4.o
                0x0800720c                BSP_TIM4_PhaseSync
 .text.App_Measure_ResetStateMachine
                0x08007230       0x14 build/app_measure.o
 .text.App_Measure_FilterInit
                0x08007244       0x14 build/app_measure.o
 .text.App_Measure_FilterUpdate
                0x08007258       0x44 build/app_measure.o
 .text.App_Measure_FilterResetAll
                0x0800729c       0x24 build/app_measure.o
 .text.App_Measure_NormalizeFreq
                0x080072c0       0x44 build/app_measure.o
 .text.App_Measure_FreqToLpf
                0x08007304       0x22 build/app_measure.o
 *fill*         0x08007326        0x2 
 .text.App_Measure_PrepareAdcDma
                0x08007328       0x88 build/app_measure.o
 .text.App_Measure_ReadAdcPolling
                0x080073b0       0x64 build/app_measure.o
 .text.App_Measure_AdcSample
                0x08007414       0x58 build/app_measure.o
 .text.App_Measure_AutoRange
                0x0800746c       0xbc build/app_measure.o
 .text.App_Measure_CalcImpedance
                0x08007528      0x23c build/app_measure.o
 .text.App_Measure_SetFreq
                0x08007764       0x48 build/app_measure.o
                0x08007764                App_Measure_SetFreq
 .text.App_Measure_Init
                0x080077ac       0x7c build/app_measure.o
                0x080077ac                App_Measure_Init
 .text.App_Measure_GetResult
                0x08007828       0x5c build/app_measure.o
                0x08007828                App_Measure_GetResult
 .text.App_Measure_GetBatVoltage
                0x08007884       0x70 build/app_measure.o
                0x08007884                App_Measure_GetBatVoltage
 .text.App_Measure_Run
                0x080078f4      0x158 build/app_measure.o
                0x080078f4                App_Measure_Run
 .text.App_Display_RrefText
                0x08007a4c       0x34 build/app_display.o
 .text.App_Display_DrawSetMode
                0x08007a80       0x60 build/app_display.o
 .text.App_Display_DrawAbout
                0x08007ae0       0x54 build/app_display.o
 .text.App_Display_HandleCmd
                0x08007b34      0x1b0 build/app_display.o
 .text.App_Display_FormatCap
                0x08007ce4       0xe4 build/app_display.o
 .text.App_Display_FormatInd
                0x08007dc8       0xd4 build/app_display.o
 .text.App_Display_BatteryBar
                0x08007e9c       0x84 build/app_display.o
 .text.App_Display_FormatRes
                0x08007f20       0xc0 build/app_display.o
 .text.App_Display_FormatPrimary
                0x08007fe0       0x9c build/app_display.o
 .text.App_Display_DrawMeasure
                0x0800807c      0x20c build/app_display.o
 .text.App_Display_DrawMenu
                0x08008288       0x84 build/app_display.o
 .text.App_Display_DrawSetFreq
                0x0800830c       0x68 build/app_display.o
 .text.App_Display_DrawSetAmp
                0x08008374       0x68 build/app_display.o
 .text.App_Display_Init
                0x080083dc       0x90 build/app_display.o
                0x080083dc                App_Display_Init
 .text.App_Display_Run
                0x0800846c       0xdc build/app_display.o
                0x0800846c                App_Display_Run
 .text.App_Key_Read
                0x08008548       0x40 build/app_key.o
 .text.App_Key_Send
                0x08008588       0x28 build/app_key.o
 .text.App_Key_UpdateOne
                0x080085b0       0x82 build/app_key.o
 *fill*         0x08008632        0x2 
 .text.App_Key_Init
                0x08008634       0x24 build/app_key.o
                0x08008634                App_Key_Init
 .text.App_Key_Run
                0x08008658       0x30 build/app_key.o
                0x08008658                App_Key_Run
 .text.Reset_Handler
                0x08008688       0x50 build/startup_stm32f405xx.o
                0x08008688                Reset_Handler
 .text.Default_Handler
                0x080086d8        0x2 build/startup_stm32f405xx.o
                0x080086d8                RTC_Alarm_IRQHandler
                0x080086d8                HASH_RNG_IRQHandler
                0x080086d8                EXTI2_IRQHandler
                0x080086d8                TIM8_CC_IRQHandler
                0x080086d8                TIM1_CC_IRQHandler
                0x080086d8                DMA2_Stream5_IRQHandler
                0x080086d8                DMA1_Stream5_IRQHandler
                0x080086d8                PVD_IRQHandler
                0x080086d8                SDIO_IRQHandler
                0x080086d8                TAMP_STAMP_IRQHandler
                0x080086d8                CAN2_RX1_IRQHandler
                0x080086d8                EXTI3_IRQHandler
                0x080086d8                TIM8_TRG_COM_TIM14_IRQHandler
                0x080086d8                TIM1_UP_TIM10_IRQHandler
                0x080086d8                TIM8_UP_TIM13_IRQHandler
                0x080086d8                I2C3_ER_IRQHandler
                0x080086d8                I2C2_EV_IRQHandler
                0x080086d8                DMA1_Stream2_IRQHandler
                0x080086d8                CAN1_RX0_IRQHandler
                0x080086d8                FPU_IRQHandler
                0x080086d8                OTG_HS_WKUP_IRQHandler
                0x080086d8                CAN2_SCE_IRQHandler
                0x080086d8                DMA2_Stream2_IRQHandler
                0x080086d8                SPI1_IRQHandler
                0x080086d8                TIM1_BRK_TIM9_IRQHandler
                0x080086d8                CAN2_RX0_IRQHandler
                0x080086d8                DMA2_Stream3_IRQHandler
                0x080086d8                USART6_IRQHandler
                0x080086d8                USART3_IRQHandler
                0x080086d8                CAN1_RX1_IRQHandler
                0x080086d8                UART5_IRQHandler
                0x080086d8                TIM4_IRQHandler
                0x080086d8                I2C1_EV_IRQHandler
                0x080086d8                DMA1_Stream6_IRQHandler
                0x080086d8                DMA1_Stream1_IRQHandler
                0x080086d8                UART4_IRQHandler
                0x080086d8                TIM3_IRQHandler
                0x080086d8                RCC_IRQHandler
                0x080086d8                TIM8_BRK_TIM12_IRQHandler
                0x080086d8                Default_Handler
                0x080086d8                EXTI15_10_IRQHandler
                0x080086d8                DMA1_Stream7_IRQHandler
                0x080086d8                CAN2_TX_IRQHandler
                0x080086d8                TIM5_IRQHandler
                0x080086d8                DMA2_Stream7_IRQHandler
                0x080086d8                I2C3_EV_IRQHandler
                0x080086d8                EXTI9_5_IRQHandler
                0x080086d8                RTC_WKUP_IRQHandler
                0x080086d8                SPI2_IRQHandler
                0x080086d8                OTG_HS_EP1_IN_IRQHandler
                0x080086d8                DMA1_Stream0_IRQHandler
                0x080086d8                CAN1_TX_IRQHandler
                0x080086d8                EXTI4_IRQHandler
                0x080086d8                FSMC_IRQHandler
                0x080086d8                OTG_HS_EP1_OUT_IRQHandler
                0x080086d8                WWDG_IRQHandler
                0x080086d8                TIM2_IRQHandler
                0x080086d8                OTG_FS_WKUP_IRQHandler
                0x080086d8                TIM1_TRG_COM_TIM11_IRQHandler
                0x080086d8                OTG_HS_IRQHandler
                0x080086d8                EXTI1_IRQHandler
                0x080086d8                USART2_IRQHandler
                0x080086d8                I2C2_ER_IRQHandler
                0x080086d8                DMA2_Stream1_IRQHandler
                0x080086d8                CAN1_SCE_IRQHandler
                0x080086d8                FLASH_IRQHandler
                0x080086d8                DMA2_Stream4_IRQHandler
                0x080086d8                USART1_IRQHandler
                0x080086d8                OTG_FS_IRQHandler
                0x080086d8                SPI3_IRQHandler
                0x080086d8                DMA1_Stream4_IRQHandler
                0x080086d8                I2C1_ER_IRQHandler
                0x080086d8                DMA2_Stream6_IRQHandler
                0x080086d8                DMA1_Stream3_IRQHandler
 *fill*         0x080086da        0x2 
 .text.__errno  0x080086dc        0xc d:/app/clion-dependency/gcc-arm/bin/../lib/gcc/arm-none-eabi/10.3.1/../../../../arm-none-eabi/lib/thumb/v7e-m+fp/hard\libc_nano.a(lib_a-errno.o)
                0x080086dc                __errno
 .text.__libc_init_array
                0x080086e8       0x48 d:/app/clion-dependency/gcc-arm/bin/../lib/gcc/arm-none-eabi/10.3.1/../../../../arm-none-eabi/lib/thumb/v7e-m+fp/hard\libc_nano.a(lib_a-init.o)
                0x080086e8                __libc_init_array
 .text.memcpy   0x08008730       0x1c d:/app/clion-dependency/gcc-arm/bin/../lib/gcc/arm-none-eabi/10.3.1/../../../../arm-none-eabi/lib/thumb/v7e-m+fp/hard\libc_nano.a(lib_a-memcpy-stub.o)
                0x08008730                memcpy
 .text.memset   0x0800874c       0x10 d:/app/clion-dependency/gcc-arm/bin/../lib/gcc/arm-none-eabi/10.3.1/../../../../arm-none-eabi/lib/thumb/v7e-m+fp/hard\libc_nano.a(lib_a-memset.o)
                0x0800874c                memset
 .text.snprintf
                0x0800875c       0x68 d:/app/clion-dependency/gcc-arm/bin/../lib/gcc/arm-none-eabi/10.3.1/../../../../arm-none-eabi/lib/thumb/v7e-m+fp/hard\libc_nano.a(lib_a-snprintf.o)
                0x0800875c                sniprintf
                0x0800875c                snprintf
 .text.__ssputs_r
                0x080087c4       0xb6 d:/app/clion-dependency/gcc-arm/bin/../lib/gcc/arm-none-eabi/10.3.1/../../../../arm-none-eabi/lib/thumb/v7e-m+fp/hard\libc_nano.a(lib_a-nano-svfprintf.o)
                0x080087c4                __ssputs_r
 *fill*         0x0800887a        0x2 
 .text._svfprintf_r
                0x0800887c      0x200 d:/app/clion-dependency/gcc-arm/bin/../lib/gcc/arm-none-eabi/10.3.1/../../../../arm-none-eabi/lib/thumb/v7e-m+fp/hard\libc_nano.a(lib_a-nano-svfprintf.o)
                0x0800887c                _svfiprintf_r
                0x0800887c                _svfprintf_r
 .text._printf_common
                0x08008a7c       0xda d:/app/clion-dependency/gcc-arm/bin/../lib/gcc/arm-none-eabi/10.3.1/../../../../arm-none-eabi/lib/thumb/v7e-m+fp/hard\libc_nano.a(lib_a-nano-vfprintf_i.o)
                0x08008a7c                _printf_common
 *fill*         0x08008b56        0x2 
 .text._printf_i
                0x08008b58      0x24c d:/app/clion-dependency/gcc-arm/bin/../lib/gcc/arm-none-eabi/10.3.1/../../../../arm-none-eabi/lib/thumb/v7e-m+fp/hard\libc_nano.a(lib_a-nano-vfprintf_i.o)
                0x08008b58                _printf_i
 .text.memmove  0x08008da4       0x34 d:/app/clion-dependency/gcc-arm/bin/../lib/gcc/arm-none-eabi/10.3.1/../../../../arm-none-eabi/lib/thumb/v7e-m+fp/hard\libc_nano.a(lib_a-memmove.o)
                0x08008da4                memmove
 .text._free_r  0x08008dd8       0x98 d:/app/clion-dependency/gcc-arm/bin/../lib/gcc/arm-none-eabi/10.3.1/../../../../arm-none-eabi/lib/thumb/v7e-m+fp/hard\libc_nano.a(lib_a-nano-freer.o)
                0x08008dd8                _free_r
 .text.sbrk_aligned
                0x08008e70       0x40 d:/app/clion-dependency/gcc-arm/bin/../lib/gcc/arm-none-eabi/10.3.1/../../../../arm-none-eabi/lib/thumb/v7e-m+fp/hard\libc_nano.a(lib_a-nano-mallocr.o)
 .text._malloc_r
                0x08008eb0       0xe8 d:/app/clion-dependency/gcc-arm/bin/../lib/gcc/arm-none-eabi/10.3.1/../../../../arm-none-eabi/lib/thumb/v7e-m+fp/hard\libc_nano.a(lib_a-nano-mallocr.o)
                0x08008eb0                _malloc_r
 .text._realloc_r
                0x08008f98       0x5e d:/app/clion-dependency/gcc-arm/bin/../lib/gcc/arm-none-eabi/10.3.1/../../../../arm-none-eabi/lib/thumb/v7e-m+fp/hard\libc_nano.a(lib_a-nano-reallocr.o)
                0x08008f98                _realloc_r
 *fill*         0x08008ff6        0x2 
 .text._sbrk_r  0x08008ff8       0x20 d:/app/clion-dependency/gcc-arm/bin/../lib/gcc/arm-none-eabi/10.3.1/../../../../arm-none-eabi/lib/thumb/v7e-m+fp/hard\libc_nano.a(lib_a-sbrkr.o)
                0x08008ff8                _sbrk_r
 .text.__malloc_lock
                0x08009018        0xc d:/app/clion-dependency/gcc-arm/bin/../lib/gcc/arm-none-eabi/10.3.1/../../../../arm-none-eabi/lib/thumb/v7e-m+fp/hard\libc_nano.a(lib_a-mlock.o)
                0x08009018                __malloc_lock
 .text.__malloc_unlock
                0x08009024        0xc d:/app/clion-dependency/gcc-arm/bin/../lib/gcc/arm-none-eabi/10.3.1/../../../../arm-none-eabi/lib/thumb/v7e-m+fp/hard\libc_nano.a(lib_a-mlock.o)
                0x08009024                __malloc_unlock
 .text._malloc_usable_size_r
                0x08009030       0x10 d:/app/clion-dependency/gcc-arm/bin/../lib/gcc/arm-none-eabi/10.3.1/../../../../arm-none-eabi/lib/thumb/v7e-m+fp/hard\libc_nano.a(lib_a-nano-msizer.o)
                0x08009030                _malloc_usable_size_r
 .text.__retarget_lock_acquire_recursive
                0x08009040        0x2 d:/app/clion-dependency/gcc-arm/bin/../lib/gcc/arm-none-eabi/10.3.1/../../../../arm-none-eabi/lib/thumb/v7e-m+fp/hard\libc_nano.a(lib_a-lock.o)
                0x08009040                __retarget_lock_acquire_recursive
 .text.__retarget_lock_release_recursive
                0x08009042        0x2 d:/app/clion-dependency/gcc-arm/bin/../lib/gcc/arm-none-eabi/10.3.1/../../../../arm-none-eabi/lib/thumb/v7e-m+fp/hard\libc_nano.a(lib_a-lock.o)
                0x08009042                __retarget_lock_release_recursive
 .text.atan2f   0x08009044        0x4 d:/app/clion-dependency/gcc-arm/bin/../lib/gcc/arm-none-eabi/10.3.1/../../../../arm-none-eabi/lib/thumb/v7e-m+fp/hard\libm.a(lib_a-wf_atan2.o)
                0x08009044                atan2f
 .text.sqrtf    0x08009048       0x44 d:/app/clion-dependency/gcc-arm/bin/../lib/gcc/arm-none-eabi/10.3.1/../../../../arm-none-eabi/lib/thumb/v7e-m+fp/hard\libm.a(lib_a-wf_sqrt.o)
                0x08009048                sqrtf
 .text.__ieee754_atan2f
                0x0800908c      0x150 d:/app/clion-dependency/gcc-arm/bin/../lib/gcc/arm-none-eabi/10.3.1/../../../../arm-none-eabi/lib/thumb/v7e-m+fp/hard\libm.a(lib_a-ef_atan2.o)
                0x0800908c                __ieee754_atan2f
 .text.__ieee754_sqrtf
                0x080091dc        0x8 d:/app/clion-dependency/gcc-arm/bin/../lib/gcc/arm-none-eabi/10.3.1/../../../../arm-none-eabi/lib/thumb/v7e-m+fp/hard\libm.a(lib_a-ef_sqrt.o)
                0x080091dc                __ieee754_sqrtf
 .text.atanf    0x080091e4      0x1b4 d:/app/clion-dependency/gcc-arm/bin/../lib/gcc/arm-none-eabi/10.3.1/../../../../arm-none-eabi/lib/thumb/v7e-m+fp/hard\libm.a(lib_a-sf_atan.o)
                0x080091e4                atanf
 .text.fabsf    0x08009398       0x10 d:/app/clion-dependency/gcc-arm/bin/../lib/gcc/arm-none-eabi/10.3.1/../../../../arm-none-eabi/lib/thumb/v7e-m+fp/hard\libm.a(lib_a-sf_fabs.o)
                0x08009398                fabsf
 *(.glue_7)
 .glue_7        0x080093a8        0x0 linker stubs
 *(.glue_7t)
 .glue_7t       0x080093a8        0x0 linker stubs
 *(.eh_frame)
 .eh_frame      0x080093a8        0x0 d:/app/clion-dependency/gcc-arm/bin/../lib/gcc/arm-none-eabi/10.3.1/thumb/v7e-m+fp/hard/crtbegin.o
 *(.init)
 .init          0x080093a8        0x4 d:/app/clion-dependency/gcc-arm/bin/../lib/gcc/arm-none-eabi/10.3.1/thumb/v7e-m+fp/hard/crti.o
                0x080093a8                _init
 .init          0x080093ac        0x8 d:/app/clion-dependency/gcc-arm/bin/../lib/gcc/arm-none-eabi/10.3.1/thumb/v7e-m+fp/hard/crtn.o
 *(.fini)
 .fini          0x080093b4        0x4 d:/app/clion-dependency/gcc-arm/bin/../lib/gcc/arm-none-eabi/10.3.1/thumb/v7e-m+fp/hard/crti.o
                0x080093b4                _fini
 .fini          0x080093b8        0x8 d:/app/clion-dependency/gcc-arm/bin/../lib/gcc/arm-none-eabi/10.3.1/thumb/v7e-m+fp/hard/crtn.o
                0x080093c0                . = ALIGN (0x4)
                0x080093c0                _etext = .

.vfp11_veneer   0x080093c0        0x0
 .vfp11_veneer  0x080093c0        0x0 linker stubs

.v4_bx          0x080093c0        0x0
 .v4_bx         0x080093c0        0x0 linker stubs

.iplt           0x080093c0        0x0
 .iplt          0x080093c0        0x0 d:/app/clion-dependency/gcc-arm/bin/../lib/gcc/arm-none-eabi/10.3.1/thumb/v7e-m+fp/hard/crtbegin.o

.rodata         0x080093c0      0xcdc
                0x080093c0                . = ALIGN (0x4)
 *(.rodata)
 *(.rodata*)
 .rodata.str1.4
                0x080093c0       0x45 build/freertos.o
 *fill*         0x08009405        0x3 
 .rodata.Mutex_Result_attributes
                0x08009408       0x10 build/freertos.o
                0x08009408                Mutex_Result_attributes
 .rodata.Queue_Cmd_attributes
                0x08009418       0x18 build/freertos.o
                0x08009418                Queue_Cmd_attributes
 .rodata.Task_Display_attributes
                0x08009430       0x24 build/freertos.o
                0x08009430                Task_Display_attributes
 .rodata.Task_Key_attributes
                0x08009454       0x24 build/freertos.o
                0x08009454                Task_Key_attributes
 .rodata.Task_Measure_attributes
                0x08009478       0x24 build/freertos.o
                0x08009478                Task_Measure_attributes
 .rodata.flagBitshiftOffset.0
                0x0800949c        0x8 build/stm32f4xx_hal_dma.o
 .rodata.AHBPrescTable
                0x080094a4       0x10 build/system_stm32f4xx.o
                0x080094a4                AHBPrescTable
 .rodata.APBPrescTable
                0x080094b4        0x8 build/system_stm32f4xx.o
                0x080094b4                APBPrescTable
 .rodata.vTaskStartScheduler.str1.4
                0x080094bc        0x5 build/tasks.o
 *fill*         0x080094c1        0x3 
 .rodata.prvCheckForValidListAndQueue.str1.4
                0x080094c4        0x5 build/timers.o
 *fill*         0x080094c9        0x3 
 .rodata.xTimerCreateTimerTask.str1.4
                0x080094cc        0x8 build/timers.o
 .rodata.OLED_F6x8
                0x080094d4      0x23a build/OLED_Data.o
                0x080094d4                OLED_F6x8
 *fill*         0x0800970e        0x2 
 .rodata.OLED_F8x16
                0x08009710      0x5f0 build/OLED_Data.o
                0x08009710                OLED_F8x16
 .rodata.kFreqTable
                0x08009d00       0x30 build/bsp_tim4.o
 .rodata.kFreqList.0
                0x08009d30       0x10 build/app_measure.o
 .rodata.App_Display_RrefText.str1.4
                0x08009d40       0x18 build/app_display.o
 .rodata.App_Display_DrawSetMode.str1.4
                0x08009d58       0x49 build/app_display.o
 *fill*         0x08009da1        0x3 
 .rodata.App_Display_DrawAbout.str1.4
                0x08009da4       0x56 build/app_display.o
 *fill*         0x08009dfa        0x2 
 .rodata.App_Display_FormatCap.str1.4
                0x08009dfc       0x1f build/app_display.o
 *fill*         0x08009e1b        0x1 
 .rodata.App_Display_FormatInd.str1.4
                0x08009e1c       0x1f build/app_display.o
 *fill*         0x08009e3b        0x1 
 .rodata.App_Display_BatteryBar.str1.4
                0x08009e3c        0xd build/app_display.o
 *fill*         0x08009e49        0x3 
 .rodata.App_Display_FormatRes.str1.4
                0x08009e4c       0x1f build/app_display.o
 *fill*         0x08009e6b        0x1 
 .rodata.App_Display_FormatPrimary.str1.4
                0x08009e6c       0x30 build/app_display.o
 .rodata.App_Display_DrawMeasure.str1.4
                0x08009e9c       0x9e build/app_display.o
 *fill*         0x08009f3a        0x2 
 .rodata.App_Display_DrawMenu.str1.4
                0x08009f3c       0x3a build/app_display.o
 *fill*         0x08009f76        0x2 
 .rodata.App_Display_DrawSetFreq.str1.4
                0x08009f78       0x21 build/app_display.o
 *fill*         0x08009f99        0x3 
 .rodata.App_Display_DrawSetAmp.str1.4
                0x08009f9c        0xc build/app_display.o
 .rodata.App_Display_Init.str1.4
                0x08009fa8       0x14 build/app_display.o
 .rodata.str1.4
                0x08009fbc       0x37 build/app_display.o
 *fill*         0x08009ff3        0x1 
 .rodata.kAmpStr
                0x08009ff4        0xc build/app_display.o
 .rodata.kFreqList
                0x0800a000       0x10 build/app_display.o
 .rodata.kFreqStr
                0x0800a010       0x10 build/app_display.o
 .rodata.kMenuItems
                0x0800a020       0x10 build/app_display.o
 .rodata._svfprintf_r.str1.1
                0x0800a030       0x11 d:/app/clion-dependency/gcc-arm/bin/../lib/gcc/arm-none-eabi/10.3.1/../../../../arm-none-eabi/lib/thumb/v7e-m+fp/hard\libc_nano.a(lib_a-nano-svfprintf.o)
 .rodata._printf_i.str1.1
                0x0800a041       0x22 d:/app/clion-dependency/gcc-arm/bin/../lib/gcc/arm-none-eabi/10.3.1/../../../../arm-none-eabi/lib/thumb/v7e-m+fp/hard\libc_nano.a(lib_a-nano-vfprintf_i.o)
 *fill*         0x0800a063        0x1 
 .rodata.CSWTCH.8
                0x0800a064        0xc d:/app/clion-dependency/gcc-arm/bin/../lib/gcc/arm-none-eabi/10.3.1/../../../../arm-none-eabi/lib/thumb/v7e-m+fp/hard\libm.a(lib_a-ef_atan2.o)
 .rodata.CSWTCH.9
                0x0800a070        0xc d:/app/clion-dependency/gcc-arm/bin/../lib/gcc/arm-none-eabi/10.3.1/../../../../arm-none-eabi/lib/thumb/v7e-m+fp/hard\libm.a(lib_a-ef_atan2.o)
 .rodata.atanhi
                0x0800a07c       0x10 d:/app/clion-dependency/gcc-arm/bin/../lib/gcc/arm-none-eabi/10.3.1/../../../../arm-none-eabi/lib/thumb/v7e-m+fp/hard\libm.a(lib_a-sf_atan.o)
 .rodata.atanlo
                0x0800a08c       0x10 d:/app/clion-dependency/gcc-arm/bin/../lib/gcc/arm-none-eabi/10.3.1/../../../../arm-none-eabi/lib/thumb/v7e-m+fp/hard\libm.a(lib_a-sf_atan.o)
                0x0800a09c                . = ALIGN (0x4)

.ARM.extab      0x0800a09c        0x0
                0x0800a09c                . = ALIGN (0x4)
 *(.ARM.extab* .gnu.linkonce.armextab.*)
                0x0800a09c                . = ALIGN (0x4)

.ARM            0x0800a09c        0x8
                0x0800a09c                . = ALIGN (0x4)
                0x0800a09c                __exidx_start = .
 *(.ARM.exidx*)
 .ARM.exidx     0x0800a09c        0x8 d:/app/clion-dependency/gcc-arm/bin/../lib/gcc/arm-none-eabi/10.3.1/thumb/v7e-m+fp/hard\libgcc.a(_udivmoddi4.o)
                0x0800a0a4                __exidx_end = .
                0x0800a0a4                . = ALIGN (0x4)

.rel.dyn        0x0800a0a4        0x0
 .rel.iplt      0x0800a0a4        0x0 d:/app/clion-dependency/gcc-arm/bin/../lib/gcc/arm-none-eabi/10.3.1/thumb/v7e-m+fp/hard/crtbegin.o

.preinit_array  0x0800a0a4        0x0
                0x0800a0a4                . = ALIGN (0x4)
                0x0800a0a4                PROVIDE (__preinit_array_start = .)
 *(.preinit_array*)
                0x0800a0a4                PROVIDE (__preinit_array_end = .)
                0x0800a0a4                . = ALIGN (0x4)

.init_array     0x0800a0a4        0x4
                0x0800a0a4                . = ALIGN (0x4)
                0x0800a0a4                PROVIDE (__init_array_start = .)
 *(SORT_BY_NAME(.init_array.*))
 *(.init_array*)
 .init_array    0x0800a0a4        0x4 d:/app/clion-dependency/gcc-arm/bin/../lib/gcc/arm-none-eabi/10.3.1/thumb/v7e-m+fp/hard/crtbegin.o
                0x0800a0a8                PROVIDE (__init_array_end = .)
                0x0800a0a8                . = ALIGN (0x4)

.fini_array     0x0800a0a8        0x4
                0x0800a0a8                . = ALIGN (0x4)
                [!provide]                PROVIDE (__fini_array_start = .)
 *(SORT_BY_NAME(.fini_array.*))
 *(.fini_array*)
 .fini_array    0x0800a0a8        0x4 d:/app/clion-dependency/gcc-arm/bin/../lib/gcc/arm-none-eabi/10.3.1/thumb/v7e-m+fp/hard/crtbegin.o
                [!provide]                PROVIDE (__fini_array_end = .)
                0x0800a0ac                . = ALIGN (0x4)
                0x0800a0ac                _sidata = LOADADDR (.data)

.data           0x20000000       0xa4 load address 0x0800a0ac
                0x20000000                . = ALIGN (0x4)
                0x20000000                _sdata = .
 *(.data)
 *(.data*)
 .data.uwTickFreq
                0x20000000        0x1 build/stm32f4xx_hal.o
                0x20000000                uwTickFreq
 *fill*         0x20000001        0x3 
 .data.uwTickPrio
                0x20000004        0x4 build/stm32f4xx_hal.o
                0x20000004                uwTickPrio
 .data.SystemCoreClock
                0x20000008        0x4 build/system_stm32f4xx.o
                0x20000008                SystemCoreClock
 .data.uxCriticalNesting
                0x2000000c        0x4 build/port.o
 .data.s_lpf    0x20000010        0x1 build/bsp_afe.o
 .data.s_rref   0x20000011        0x1 build/bsp_afe.o
 *fill*         0x20000012        0x2 
 .data.s_current_freq_hz
                0x20000014        0x4 build/bsp_tim4.o
 .data.s_sync_enable
                0x20000018        0x1 build/bsp_tim4.o
 *fill*         0x20000019        0x3 
 .data.s_freq_hz
                0x2000001c        0x4 build/app_measure.o
 .data.s_bat_v  0x20000020        0x4 build/app_display.o
 .data.s_freq_index
                0x20000024        0x1 build/app_display.o
 *fill*         0x20000025        0x3 
 .data.s_keys   0x20000028       0x18 build/app_key.o
 .data._impure_ptr
                0x20000040        0x4 d:/app/clion-dependency/gcc-arm/bin/../lib/gcc/arm-none-eabi/10.3.1/../../../../arm-none-eabi/lib/thumb/v7e-m+fp/hard\libc_nano.a(lib_a-impure.o)
                0x20000040                _impure_ptr
 .data.impure_data
                0x20000044       0x60 d:/app/clion-dependency/gcc-arm/bin/../lib/gcc/arm-none-eabi/10.3.1/../../../../arm-none-eabi/lib/thumb/v7e-m+fp/hard\libc_nano.a(lib_a-impure.o)
 *(.RamFunc)
 *(.RamFunc*)
                0x200000a4                . = ALIGN (0x4)
                0x200000a4                _edata = .
                0x0800a150                _siccmram = LOADADDR (.ccmram)

.igot.plt       0x200000a4        0x0 load address 0x0800a150
 .igot.plt      0x200000a4        0x0 d:/app/clion-dependency/gcc-arm/bin/../lib/gcc/arm-none-eabi/10.3.1/thumb/v7e-m+fp/hard/crtbegin.o

.ccmram         0x10000000        0x0 load address 0x0800a150
                0x10000000                . = ALIGN (0x4)
                0x10000000                _sccmram = .
 *(.ccmram)
 *(.ccmram*)
                0x10000000                . = ALIGN (0x4)
                0x10000000                _eccmram = .
                0x10000000                . = ALIGN (0x4)

.bss            0x200000a4     0x5184
                0x200000a4                _sbss = .
                0x200000a4                __bss_start__ = _sbss
 *(.bss)
 .bss           0x200000a4       0x1c d:/app/clion-dependency/gcc-arm/bin/../lib/gcc/arm-none-eabi/10.3.1/thumb/v7e-m+fp/hard/crtbegin.o
 *(.bss*)
 .bss.Mutex_ResultHandle
                0x200000c0        0x4 build/freertos.o
                0x200000c0                Mutex_ResultHandle
 .bss.Queue_CmdHandle
                0x200000c4        0x4 build/freertos.o
                0x200000c4                Queue_CmdHandle
 .bss.Task_DisplayHandle
                0x200000c8        0x4 build/freertos.o
                0x200000c8                Task_DisplayHandle
 .bss.Task_KeyHandle
                0x200000cc        0x4 build/freertos.o
                0x200000cc                Task_KeyHandle
 .bss.Task_MeasureHandle
                0x200000d0        0x4 build/freertos.o
                0x200000d0                Task_MeasureHandle
 .bss.hadc1     0x200000d4       0x48 build/adc.o
                0x200000d4                hadc1
 .bss.hadc2     0x2000011c       0x48 build/adc.o
                0x2000011c                hadc2
 .bss.hdma_adc1
                0x20000164       0x60 build/adc.o
                0x20000164                hdma_adc1
 .bss.hi2c1     0x200001c4       0x54 build/i2c.o
                0x200001c4                hi2c1
 .bss.hspi1     0x20000218       0x58 build/spi.o
                0x20000218                hspi1
 .bss.htim4     0x20000270       0x48 build/tim.o
                0x20000270                htim4
 .bss.htim6     0x200002b8       0x48 build/tim.o
                0x200002b8                htim6
 .bss.huart1    0x20000300       0x48 build/usart.o
                0x20000300                huart1
 .bss.huart3    0x20000348       0x48 build/usart.o
                0x20000348                huart3
 .bss.htim7     0x20000390       0x48 build/stm32f4xx_hal_timebase_tim.o
                0x20000390                htim7
 .bss.uwTick    0x200003d8        0x4 build/stm32f4xx_hal.o
                0x200003d8                uwTick
 .bss.xQueueRegistry
                0x200003dc       0x40 build/queue.o
                0x200003dc                xQueueRegistry
 .bss.pxCurrentTCB
                0x2000041c        0x4 build/tasks.o
                0x2000041c                pxCurrentTCB
 .bss.pxDelayedTaskList
                0x20000420        0x4 build/tasks.o
 .bss.pxOverflowDelayedTaskList
                0x20000424        0x4 build/tasks.o
 .bss.pxReadyTasksLists
                0x20000428      0x460 build/tasks.o
 .bss.uxCurrentNumberOfTasks
                0x20000888        0x4 build/tasks.o
 .bss.uxDeletedTasksWaitingCleanUp
                0x2000088c        0x4 build/tasks.o
 .bss.uxSchedulerSuspended
                0x20000890        0x4 build/tasks.o
 .bss.uxTaskNumber
                0x20000894        0x4 build/tasks.o
 .bss.uxTopReadyPriority
                0x20000898        0x4 build/tasks.o
 .bss.xDelayedTaskList1
                0x2000089c       0x14 build/tasks.o
 .bss.xDelayedTaskList2
                0x200008b0       0x14 build/tasks.o
 .bss.xIdleTaskHandle
                0x200008c4        0x4 build/tasks.o
 .bss.xNextTaskUnblockTime
                0x200008c8        0x4 build/tasks.o
 .bss.xNumOfOverflows
                0x200008cc        0x4 build/tasks.o
 .bss.xPendedTicks
                0x200008d0        0x4 build/tasks.o
 .bss.xPendingReadyList
                0x200008d4       0x14 build/tasks.o
 .bss.xSchedulerRunning
                0x200008e8        0x4 build/tasks.o
 .bss.xSuspendedTaskList
                0x200008ec       0x14 build/tasks.o
 .bss.xTasksWaitingTermination
                0x20000900       0x14 build/tasks.o
 .bss.xTickCount
                0x20000914        0x4 build/tasks.o
 .bss.xYieldPending
                0x20000918        0x4 build/tasks.o
 .bss.pxCurrentTimerList
                0x2000091c        0x4 build/timers.o
 .bss.pxOverflowTimerList
                0x20000920        0x4 build/timers.o
 .bss.ucStaticTimerQueueStorage.1
                0x20000924       0xa0 build/timers.o
 .bss.xActiveTimerList1
                0x200009c4       0x14 build/timers.o
 .bss.xActiveTimerList2
                0x200009d8       0x14 build/timers.o
 .bss.xLastTime.2
                0x200009ec        0x4 build/timers.o
 .bss.xStaticTimerQueue.0
                0x200009f0       0x50 build/timers.o
 .bss.xTimerQueue
                0x20000a40        0x4 build/timers.o
 .bss.xTimerTaskHandle
                0x20000a44        0x4 build/timers.o
 .bss.Idle_Stack.2
                0x20000a48      0x200 build/cmsis_os2.o
 .bss.Idle_TCB.3
                0x20000c48       0x5c build/cmsis_os2.o
 .bss.KernelState
                0x20000ca4        0x4 build/cmsis_os2.o
 .bss.Timer_Stack.0
                0x20000ca8      0x400 build/cmsis_os2.o
 .bss.Timer_TCB.1
                0x200010a8       0x5c build/cmsis_os2.o
 .bss.pxEnd     0x20001104        0x4 build/heap_4.o
 .bss.ucHeap    0x20001108     0x3c00 build/heap_4.o
 .bss.xBlockAllocatedBit
                0x20004d08        0x4 build/heap_4.o
 .bss.xFreeBytesRemaining
                0x20004d0c        0x4 build/heap_4.o
 .bss.xMinimumEverFreeBytesRemaining
                0x20004d10        0x4 build/heap_4.o
 .bss.xNumberOfSuccessfulAllocations
                0x20004d14        0x4 build/heap_4.o
 .bss.xNumberOfSuccessfulFrees
                0x20004d18        0x4 build/heap_4.o
 .bss.xStart    0x20004d1c        0x8 build/heap_4.o
 .bss.ucMaxSysCallPriority
                0x20004d24        0x1 build/port.o
 *fill*         0x20004d25        0x3 
 .bss.ulMaxPRIGROUPValue
                0x20004d28        0x4 build/port.o
 .bss.__sbrk_heap_end
                0x20004d2c        0x4 build/sysmem.o
 .bss.OLED_DisplayBuf
                0x20004d30      0x400 build/OLED.o
                0x20004d30                OLED_DisplayBuf
 .bss.s_amp     0x20005130        0x1 build/bsp_afe.o
 .bss.s_gain    0x20005131        0x1 build/bsp_afe.o
 *fill*         0x20005132        0x2 
 .bss.s_sync_count
                0x20005134        0x4 build/bsp_tim4.o
 .bss.g_adc1_dma_buf
                0x20005138       0x20 build/app_measure.o
                0x20005138                g_adc1_dma_buf
 .bss.s_adc_dma_ok
                0x20005158        0x1 build/app_measure.o
 *fill*         0x20005159        0x3 
 .bss.s_filter  0x2000515c       0x50 build/app_measure.o
 .bss.s_iq_data
                0x200051ac       0x10 build/app_measure.o
 .bss.s_result  0x200051bc       0x24 build/app_measure.o
 .bss.s_state   0x200051e0        0x1 build/app_measure.o
 *fill*         0x200051e1        0x3 
 .bss.s_wait_ticks
                0x200051e4        0x4 build/app_measure.o
 .bss.s_amp_index
                0x200051e8        0x1 build/app_display.o
 *fill*         0x200051e9        0x1 
 .bss.s_bat_ticks
                0x200051ea        0x2 build/app_display.o
 .bss.s_disp_mode
                0x200051ec        0x1 build/app_display.o
 *fill*         0x200051ed        0x3 
 .bss.s_last_result
                0x200051f0       0x24 build/app_display.o
 .bss.s_menu_index
                0x20005214        0x1 build/app_display.o
 .bss.s_screen  0x20005215        0x1 build/app_display.o
 *fill*         0x20005216        0x2 
 .bss.__malloc_free_list
                0x20005218        0x4 d:/app/clion-dependency/gcc-arm/bin/../lib/gcc/arm-none-eabi/10.3.1/../../../../arm-none-eabi/lib/thumb/v7e-m+fp/hard\libc_nano.a(lib_a-nano-mallocr.o)
                0x20005218                __malloc_free_list
 .bss.__malloc_sbrk_start
                0x2000521c        0x4 d:/app/clion-dependency/gcc-arm/bin/../lib/gcc/arm-none-eabi/10.3.1/../../../../arm-none-eabi/lib/thumb/v7e-m+fp/hard\libc_nano.a(lib_a-nano-mallocr.o)
                0x2000521c                __malloc_sbrk_start
 .bss.errno     0x20005220        0x4 d:/app/clion-dependency/gcc-arm/bin/../lib/gcc/arm-none-eabi/10.3.1/../../../../arm-none-eabi/lib/thumb/v7e-m+fp/hard\libc_nano.a(lib_a-reent.o)
                0x20005220                errno
 .bss.__lock___malloc_recursive_mutex
                0x20005224        0x1 d:/app/clion-dependency/gcc-arm/bin/../lib/gcc/arm-none-eabi/10.3.1/../../../../arm-none-eabi/lib/thumb/v7e-m+fp/hard\libc_nano.a(lib_a-lock.o)
                0x20005224                __lock___malloc_recursive_mutex
 *(COMMON)
                0x20005228                . = ALIGN (0x4)
 *fill*         0x20005225        0x3 
                0x20005228                _ebss = .
                0x20005228                __bss_end__ = _ebss

._user_heap_stack
                0x20005228      0x600
                0x20005228                . = ALIGN (0x8)
                [!provide]                PROVIDE (end = .)
                0x20005228                PROVIDE (_end = .)
                0x20005428                . = (. + _Min_Heap_Size)
 *fill*         0x20005228      0x200 
                0x20005828                . = (. + _Min_Stack_Size)
 *fill*         0x20005428      0x400 
                0x20005828                . = ALIGN (0x8)

/DISCARD/
 libc.a(*)
 libm.a(*)
 libgcc.a(*)
OUTPUT(build/1_vscode.elf elf32-littlearm)
LOAD linker stubs
LOAD d:/app/clion-dependency/gcc-arm/bin/../lib/gcc/arm-none-eabi/10.3.1/../../../../arm-none-eabi/lib/thumb/v7e-m+fp/hard\libc.a
LOAD d:/app/clion-dependency/gcc-arm/bin/../lib/gcc/arm-none-eabi/10.3.1/../../../../arm-none-eabi/lib/thumb/v7e-m+fp/hard\libm.a
LOAD d:/app/clion-dependency/gcc-arm/bin/../lib/gcc/arm-none-eabi/10.3.1/thumb/v7e-m+fp/hard\libgcc.a

.ARM.attributes
                0x00000000       0x30
 .ARM.attributes
                0x00000000       0x1e d:/app/clion-dependency/gcc-arm/bin/../lib/gcc/arm-none-eabi/10.3.1/thumb/v7e-m+fp/hard/crti.o
 .ARM.attributes
                0x0000001e       0x34 d:/app/clion-dependency/gcc-arm/bin/../lib/gcc/arm-none-eabi/10.3.1/thumb/v7e-m+fp/hard/crtbegin.o
 .ARM.attributes
                0x00000052       0x34 build/main.o
 .ARM.attributes
                0x00000086       0x34 build/gpio.o
 .ARM.attributes
                0x000000ba       0x34 build/freertos.o
 .ARM.attributes
                0x000000ee       0x34 build/adc.o
 .ARM.attributes
                0x00000122       0x34 build/dma.o
 .ARM.attributes
                0x00000156       0x34 build/i2c.o
 .ARM.attributes
                0x0000018a       0x34 build/spi.o
 .ARM.attributes
                0x000001be       0x34 build/tim.o
 .ARM.attributes
                0x000001f2       0x34 build/usart.o
 .ARM.attributes
                0x00000226       0x34 build/stm32f4xx_it.o
 .ARM.attributes
                0x0000025a       0x34 build/stm32f4xx_hal_msp.o
 .ARM.attributes
                0x0000028e       0x34 build/stm32f4xx_hal_timebase_tim.o
 .ARM.attributes
                0x000002c2       0x34 build/stm32f4xx_hal_tim.o
 .ARM.attributes
                0x000002f6       0x34 build/stm32f4xx_hal_tim_ex.o
 .ARM.attributes
                0x0000032a       0x34 build/stm32f4xx_hal_adc.o
 .ARM.attributes
                0x0000035e       0x34 build/stm32f4xx_hal_adc_ex.o
 .ARM.attributes
                0x00000392       0x34 build/stm32f4xx_hal_rcc.o
 .ARM.attributes
                0x000003c6       0x34 build/stm32f4xx_hal_gpio.o
 .ARM.attributes
                0x000003fa       0x34 build/stm32f4xx_hal_dma.o
 .ARM.attributes
                0x0000042e       0x34 build/stm32f4xx_hal_cortex.o
 .ARM.attributes
                0x00000462       0x34 build/stm32f4xx_hal.o
 .ARM.attributes
                0x00000496       0x34 build/stm32f4xx_hal_i2c.o
 .ARM.attributes
                0x000004ca       0x34 build/stm32f4xx_hal_spi.o
 .ARM.attributes
                0x000004fe       0x34 build/stm32f4xx_hal_uart.o
 .ARM.attributes
                0x00000532       0x34 build/system_stm32f4xx.o
 .ARM.attributes
                0x00000566       0x34 build/list.o
 .ARM.attributes
                0x0000059a       0x34 build/queue.o
 .ARM.attributes
                0x000005ce       0x34 build/tasks.o
 .ARM.attributes
                0x00000602       0x34 build/timers.o
 .ARM.attributes
                0x00000636       0x34 build/cmsis_os2.o
 .ARM.attributes
                0x0000066a       0x34 build/heap_4.o
 .ARM.attributes
                0x0000069e       0x34 build/port.o
 .ARM.attributes
                0x000006d2       0x34 build/sysmem.o
 .ARM.attributes
                0x00000706       0x34 build/9834.o
 .ARM.attributes
                0x0000073a       0x34 build/OLED_Data.o
 .ARM.attributes
                0x0000076e       0x34 build/OLED.o
 .ARM.attributes
                0x000007a2       0x34 build/bsp_afe.o
 .ARM.attributes
                0x000007d6       0x34 build/bsp_tim4.o
 .ARM.attributes
                0x0000080a       0x34 build/app_measure.o
 .ARM.attributes
                0x0000083e       0x34 build/app_display.o
 .ARM.attributes
                0x00000872       0x34 build/app_key.o
 .ARM.attributes
                0x000008a6       0x21 build/startup_stm32f405xx.o
 .ARM.attributes
                0x000008c7       0x34 d:/app/clion-dependency/gcc-arm/bin/../lib/gcc/arm-none-eabi/10.3.1/../../../../arm-none-eabi/lib/thumb/v7e-m+fp/hard\libc_nano.a(lib_a-errno.o)
 .ARM.attributes
                0x000008fb       0x34 d:/app/clion-dependency/gcc-arm/bin/../lib/gcc/arm-none-eabi/10.3.1/../../../../arm-none-eabi/lib/thumb/v7e-m+fp/hard\libc_nano.a(lib_a-impure.o)
 .ARM.attributes
                0x0000092f       0x34 d:/app/clion-dependency/gcc-arm/bin/../lib/gcc/arm-none-eabi/10.3.1/../../../../arm-none-eabi/lib/thumb/v7e-m+fp/hard\libc_nano.a(lib_a-init.o)
 .ARM.attributes
                0x00000963       0x34 d:/app/clion-dependency/gcc-arm/bin/../lib/gcc/arm-none-eabi/10.3.1/../../../../arm-none-eabi/lib/thumb/v7e-m+fp/hard\libc_nano.a(lib_a-memcpy-stub.o)
 .ARM.attributes
                0x00000997       0x34 d:/app/clion-dependency/gcc-arm/bin/../lib/gcc/arm-none-eabi/10.3.1/../../../../arm-none-eabi/lib/thumb/v7e-m+fp/hard\libc_nano.a(lib_a-memset.o)
 .ARM.attributes
                0x000009cb       0x34 d:/app/clion-dependency/gcc-arm/bin/../lib/gcc/arm-none-eabi/10.3.1/../../../../arm-none-eabi/lib/thumb/v7e-m+fp/hard\libc_nano.a(lib_a-snprintf.o)
 .ARM.attributes
                0x000009ff       0x34 d:/app/clion-dependency/gcc-arm/bin/../lib/gcc/arm-none-eabi/10.3.1/../../../../arm-none-eabi/lib/thumb/v7e-m+fp/hard\libc_nano.a(lib_a-nano-svfprintf.o)
 .ARM.attributes
                0x00000a33       0x34 d:/app/clion-dependency/gcc-arm/bin/../lib/gcc/arm-none-eabi/10.3.1/../../../../arm-none-eabi/lib/thumb/v7e-m+fp/hard\libc_nano.a(lib_a-nano-vfprintf_i.o)
 .ARM.attributes
                0x00000a67       0x1c d:/app/clion-dependency/gcc-arm/bin/../lib/gcc/arm-none-eabi/10.3.1/../../../../arm-none-eabi/lib/thumb/v7e-m+fp/hard\libc_nano.a(lib_a-memchr.o)
 .ARM.attributes
                0x00000a83       0x34 d:/app/clion-dependency/gcc-arm/bin/../lib/gcc/arm-none-eabi/10.3.1/../../../../arm-none-eabi/lib/thumb/v7e-m+fp/hard\libc_nano.a(lib_a-memmove.o)
 .ARM.attributes
                0x00000ab7       0x34 d:/app/clion-dependency/gcc-arm/bin/../lib/gcc/arm-none-eabi/10.3.1/../../../../arm-none-eabi/lib/thumb/v7e-m+fp/hard\libc_nano.a(lib_a-nano-freer.o)
 .ARM.attributes
                0x00000aeb       0x34 d:/app/clion-dependency/gcc-arm/bin/../lib/gcc/arm-none-eabi/10.3.1/../../../../arm-none-eabi/lib/thumb/v7e-m+fp/hard\libc_nano.a(lib_a-nano-mallocr.o)
 .ARM.attributes
                0x00000b1f       0x34 d:/app/clion-dependency/gcc-arm/bin/../lib/gcc/arm-none-eabi/10.3.1/../../../../arm-none-eabi/lib/thumb/v7e-m+fp/hard\libc_nano.a(lib_a-nano-reallocr.o)
 .ARM.attributes
                0x00000b53       0x34 d:/app/clion-dependency/gcc-arm/bin/../lib/gcc/arm-none-eabi/10.3.1/../../../../arm-none-eabi/lib/thumb/v7e-m+fp/hard\libc_nano.a(lib_a-sbrkr.o)
 .ARM.attributes
                0x00000b87       0x34 d:/app/clion-dependency/gcc-arm/bin/../lib/gcc/arm-none-eabi/10.3.1/../../../../arm-none-eabi/lib/thumb/v7e-m+fp/hard\libc_nano.a(lib_a-mlock.o)
 .ARM.attributes
                0x00000bbb       0x34 d:/app/clion-dependency/gcc-arm/bin/../lib/gcc/arm-none-eabi/10.3.1/../../../../arm-none-eabi/lib/thumb/v7e-m+fp/hard\libc_nano.a(lib_a-nano-msizer.o)
 .ARM.attributes
                0x00000bef       0x34 d:/app/clion-dependency/gcc-arm/bin/../lib/gcc/arm-none-eabi/10.3.1/../../../../arm-none-eabi/lib/thumb/v7e-m+fp/hard\libc_nano.a(lib_a-reent.o)
 .ARM.attributes
                0x00000c23       0x34 d:/app/clion-dependency/gcc-arm/bin/../lib/gcc/arm-none-eabi/10.3.1/../../../../arm-none-eabi/lib/thumb/v7e-m+fp/hard\libc_nano.a(lib_a-lock.o)
 .ARM.attributes
                0x00000c57       0x34 d:/app/clion-dependency/gcc-arm/bin/../lib/gcc/arm-none-eabi/10.3.1/../../../../arm-none-eabi/lib/thumb/v7e-m+fp/hard\libm.a(lib_a-wf_atan2.o)
 .ARM.attributes
                0x00000c8b       0x34 d:/app/clion-dependency/gcc-arm/bin/../lib/gcc/arm-none-eabi/10.3.1/../../../../arm-none-eabi/lib/thumb/v7e-m+fp/hard\libm.a(lib_a-wf_sqrt.o)
 .ARM.attributes
                0x00000cbf       0x34 d:/app/clion-dependency/gcc-arm/bin/../lib/gcc/arm-none-eabi/10.3.1/../../../../arm-none-eabi/lib/thumb/v7e-m+fp/hard\libm.a(lib_a-ef_atan2.o)
 .ARM.attributes
                0x00000cf3       0x34 d:/app/clion-dependency/gcc-arm/bin/../lib/gcc/arm-none-eabi/10.3.1/../../../../arm-none-eabi/lib/thumb/v7e-m+fp/hard\libm.a(lib_a-ef_sqrt.o)
 .ARM.attributes
                0x00000d27       0x34 d:/app/clion-dependency/gcc-arm/bin/../lib/gcc/arm-none-eabi/10.3.1/../../../../arm-none-eabi/lib/thumb/v7e-m+fp/hard\libm.a(lib_a-sf_atan.o)
 .ARM.attributes
                0x00000d5b       0x34 d:/app/clion-dependency/gcc-arm/bin/../lib/gcc/arm-none-eabi/10.3.1/../../../../arm-none-eabi/lib/thumb/v7e-m+fp/hard\libm.a(lib_a-sf_fabs.o)
 .ARM.attributes
                0x00000d8f       0x1e d:/app/clion-dependency/gcc-arm/bin/../lib/gcc/arm-none-eabi/10.3.1/thumb/v7e-m+fp/hard\libgcc.a(_arm_addsubdf3.o)
 .ARM.attributes
                0x00000dad       0x1e d:/app/clion-dependency/gcc-arm/bin/../lib/gcc/arm-none-eabi/10.3.1/thumb/v7e-m+fp/hard\libgcc.a(_arm_muldivdf3.o)
 .ARM.attributes
                0x00000dcb       0x1e d:/app/clion-dependency/gcc-arm/bin/../lib/gcc/arm-none-eabi/10.3.1/thumb/v7e-m+fp/hard\libgcc.a(_arm_fixunsdfsi.o)
 .ARM.attributes
                0x00000de9       0x1e d:/app/clion-dependency/gcc-arm/bin/../lib/gcc/arm-none-eabi/10.3.1/thumb/v7e-m+fp/hard\libgcc.a(_aeabi_uldivmod.o)
 .ARM.attributes
                0x00000e07       0x34 d:/app/clion-dependency/gcc-arm/bin/../lib/gcc/arm-none-eabi/10.3.1/thumb/v7e-m+fp/hard\libgcc.a(_udivmoddi4.o)
 .ARM.attributes
                0x00000e3b       0x1e d:/app/clion-dependency/gcc-arm/bin/../lib/gcc/arm-none-eabi/10.3.1/thumb/v7e-m+fp/hard\libgcc.a(_dvmd_tls.o)
 .ARM.attributes
                0x00000e59       0x1e d:/app/clion-dependency/gcc-arm/bin/../lib/gcc/arm-none-eabi/10.3.1/thumb/v7e-m+fp/hard/crtn.o

.comment        0x00000000       0x49
 .comment       0x00000000       0x49 build/main.o
                                 0x4a (size before relaxing)
 .comment       0x00000049       0x4a build/gpio.o
 .comment       0x00000049       0x4a build/freertos.o
 .comment       0x00000049       0x4a build/adc.o
 .comment       0x00000049       0x4a build/dma.o
 .comment       0x00000049       0x4a build/i2c.o
 .comment       0x00000049       0x4a build/spi.o
 .comment       0x00000049       0x4a build/tim.o
 .comment       0x00000049       0x4a build/usart.o
 .comment       0x00000049       0x4a build/stm32f4xx_it.o
 .comment       0x00000049       0x4a build/stm32f4xx_hal_msp.o
 .comment       0x00000049       0x4a build/stm32f4xx_hal_timebase_tim.o
 .comment       0x00000049       0x4a build/stm32f4xx_hal_tim.o
 .comment       0x00000049       0x4a build/stm32f4xx_hal_tim_ex.o
 .comment       0x00000049       0x4a build/stm32f4xx_hal_adc.o
 .comment       0x00000049       0x4a build/stm32f4xx_hal_adc_ex.o
 .comment       0x00000049       0x4a build/stm32f4xx_hal_rcc.o
 .comment       0x00000049       0x4a build/stm32f4xx_hal_gpio.o
 .comment       0x00000049       0x4a build/stm32f4xx_hal_dma.o
 .comment       0x00000049       0x4a build/stm32f4xx_hal_cortex.o
 .comment       0x00000049       0x4a build/stm32f4xx_hal.o
 .comment       0x00000049       0x4a build/stm32f4xx_hal_i2c.o
 .comment       0x00000049       0x4a build/stm32f4xx_hal_spi.o
 .comment       0x00000049       0x4a build/stm32f4xx_hal_uart.o
 .comment       0x00000049       0x4a build/system_stm32f4xx.o
 .comment       0x00000049       0x4a build/list.o
 .comment       0x00000049       0x4a build/queue.o
 .comment       0x00000049       0x4a build/tasks.o
 .comment       0x00000049       0x4a build/timers.o
 .comment       0x00000049       0x4a build/cmsis_os2.o
 .comment       0x00000049       0x4a build/heap_4.o
 .comment       0x00000049       0x4a build/port.o
 .comment       0x00000049       0x4a build/sysmem.o
 .comment       0x00000049       0x4a build/9834.o
 .comment       0x00000049       0x4a build/OLED_Data.o
 .comment       0x00000049       0x4a build/OLED.o
 .comment       0x00000049       0x4a build/bsp_afe.o
 .comment       0x00000049       0x4a build/bsp_tim4.o
 .comment       0x00000049       0x4a build/app_measure.o
 .comment       0x00000049       0x4a build/app_display.o
 .comment       0x00000049       0x4a build/app_key.o

.debug_info     0x00000000    0x32e61
 .debug_info    0x00000000      0xdaa build/main.o
 .debug_info    0x00000daa      0x85e build/gpio.o
 .debug_info    0x00001608      0x670 build/freertos.o
 .debug_info    0x00001c78      0xf62 build/adc.o
 .debug_info    0x00002bda      0x535 build/dma.o
 .debug_info    0x0000310f      0xb4e build/i2c.o
 .debug_info    0x00003c5d      0xb22 build/spi.o
 .debug_info    0x0000477f     0x1146 build/tim.o
 .debug_info    0x000058c5      0xbad build/usart.o
 .debug_info    0x00006472      0xbc0 build/stm32f4xx_it.o
 .debug_info    0x00007032      0x52f build/stm32f4xx_hal_msp.o
 .debug_info    0x00007561      0xd7d build/stm32f4xx_hal_timebase_tim.o
 .debug_info    0x000082de     0x40cc build/stm32f4xx_hal_tim.o
 .debug_info    0x0000c3aa     0x1c8f build/stm32f4xx_hal_tim_ex.o
 .debug_info    0x0000e039     0x101f build/stm32f4xx_hal_adc.o
 .debug_info    0x0000f058      0xdc2 build/stm32f4xx_hal_adc_ex.o
 .debug_info    0x0000fe1a      0xbfc build/stm32f4xx_hal_rcc.o
 .debug_info    0x00010a16      0x848 build/stm32f4xx_hal_gpio.o
 .debug_info    0x0001125e      0xbd1 build/stm32f4xx_hal_dma.o
 .debug_info    0x00011e2f     0x11b4 build/stm32f4xx_hal_cortex.o
 .debug_info    0x00012fe3      0xabd build/stm32f4xx_hal.o
 .debug_info    0x00013aa0     0x3b8f build/stm32f4xx_hal_i2c.o
 .debug_info    0x0001762f     0x1f29 build/stm32f4xx_hal_spi.o
 .debug_info    0x00019558     0x4346 build/stm32f4xx_hal_uart.o
 .debug_info    0x0001d89e      0x5b3 build/system_stm32f4xx.o
 .debug_info    0x0001de51      0x30f build/list.o
 .debug_info    0x0001e160     0x2968 build/queue.o
 .debug_info    0x00020ac8     0x333f build/tasks.o
 .debug_info    0x00023e07     0x1bd3 build/timers.o
 .debug_info    0x000259da     0x4e0d build/cmsis_os2.o
 .debug_info    0x0002a7e7      0x61a build/heap_4.o
 .debug_info    0x0002ae01      0x5c8 build/port.o
 .debug_info    0x0002b3c9      0x185 build/sysmem.o
 .debug_info    0x0002b54e      0xae2 build/9834.o
 .debug_info    0x0002c030      0x12a build/OLED_Data.o
 .debug_info    0x0002c15a     0x2b6c build/OLED.o
 .debug_info    0x0002ecc6      0x6d0 build/bsp_afe.o
 .debug_info    0x0002f396      0xa16 build/bsp_tim4.o
 .debug_info    0x0002fdac     0x15c5 build/app_measure.o
 .debug_info    0x00031371     0x15fe build/app_display.o
 .debug_info    0x0003296f      0x4d0 build/app_key.o
 .debug_info    0x00032e3f       0x22 build/startup_stm32f405xx.o

.debug_abbrev   0x00000000     0x5eda
 .debug_abbrev  0x00000000      0x230 build/main.o
 .debug_abbrev  0x00000230      0x16e build/gpio.o
 .debug_abbrev  0x0000039e      0x169 build/freertos.o
 .debug_abbrev  0x00000507      0x1f3 build/adc.o
 .debug_abbrev  0x000006fa      0x129 build/dma.o
 .debug_abbrev  0x00000823      0x1d7 build/i2c.o
 .debug_abbrev  0x000009fa      0x1de build/spi.o
 .debug_abbrev  0x00000bd8      0x1f3 build/tim.o
 .debug_abbrev  0x00000dcb      0x1de build/usart.o
 .debug_abbrev  0x00000fa9      0x1cc build/stm32f4xx_it.o
 .debug_abbrev  0x00001175      0x11c build/stm32f4xx_hal_msp.o
 .debug_abbrev  0x00001291      0x202 build/stm32f4xx_hal_timebase_tim.o
 .debug_abbrev  0x00001493      0x289 build/stm32f4xx_hal_tim.o
 .debug_abbrev  0x0000171c      0x29f build/stm32f4xx_hal_tim_ex.o
 .debug_abbrev  0x000019bb      0x292 build/stm32f4xx_hal_adc.o
 .debug_abbrev  0x00001c4d      0x2b5 build/stm32f4xx_hal_adc_ex.o
 .debug_abbrev  0x00001f02      0x2aa build/stm32f4xx_hal_rcc.o
 .debug_abbrev  0x000021ac      0x22b build/stm32f4xx_hal_gpio.o
 .debug_abbrev  0x000023d7      0x2ff build/stm32f4xx_hal_dma.o
 .debug_abbrev  0x000026d6      0x379 build/stm32f4xx_hal_cortex.o
 .debug_abbrev  0x00002a4f      0x209 build/stm32f4xx_hal.o
 .debug_abbrev  0x00002c58      0x2f3 build/stm32f4xx_hal_i2c.o
 .debug_abbrev  0x00002f4b      0x29e build/stm32f4xx_hal_spi.o
 .debug_abbrev  0x000031e9      0x34d build/stm32f4xx_hal_uart.o
 .debug_abbrev  0x00003536      0x11b build/system_stm32f4xx.o
 .debug_abbrev  0x00003651      0x124 build/list.o
 .debug_abbrev  0x00003775      0x3c4 build/queue.o
 .debug_abbrev  0x00003b39      0x387 build/tasks.o
 .debug_abbrev  0x00003ec0      0x366 build/timers.o
 .debug_abbrev  0x00004226      0x56a build/cmsis_os2.o
 .debug_abbrev  0x00004790      0x269 build/heap_4.o
 .debug_abbrev  0x000049f9      0x28a build/port.o
 .debug_abbrev  0x00004c83       0xea build/sysmem.o
 .debug_abbrev  0x00004d6d      0x1d5 build/9834.o
 .debug_abbrev  0x00004f42       0x77 build/OLED_Data.o
 .debug_abbrev  0x00004fb9      0x372 build/OLED.o
 .debug_abbrev  0x0000532b      0x164 build/bsp_afe.o
 .debug_abbrev  0x0000548f      0x25d build/bsp_tim4.o
 .debug_abbrev  0x000056ec      0x37e build/app_measure.o
 .debug_abbrev  0x00005a6a      0x248 build/app_display.o
 .debug_abbrev  0x00005cb2      0x216 build/app_key.o
 .debug_abbrev  0x00005ec8       0x12 build/startup_stm32f405xx.o

.debug_loc      0x00000000    0x294bd
 .debug_loc     0x00000000       0xc8 build/main.o
 .debug_loc     0x000000c8       0x39 build/gpio.o
 .debug_loc     0x00000101       0xef build/freertos.o
 .debug_loc     0x000001f0      0x1a4 build/adc.o
 .debug_loc     0x00000394       0x38 build/dma.o
 .debug_loc     0x000003cc       0xeb build/i2c.o
 .debug_loc     0x000004b7      0x108 build/spi.o
 .debug_loc     0x000005bf      0x1f8 build/tim.o
 .debug_loc     0x000007b7      0x162 build/usart.o
 .debug_loc     0x00000919       0xe5 build/stm32f4xx_it.o
 .debug_loc     0x000009fe       0x38 build/stm32f4xx_hal_msp.o
 .debug_loc     0x00000a36      0x136 build/stm32f4xx_hal_timebase_tim.o
 .debug_loc     0x00000b6c     0x5bd3 build/stm32f4xx_hal_tim.o
 .debug_loc     0x0000673f     0x212a build/stm32f4xx_hal_tim_ex.o
 .debug_loc     0x00008869      0xe48 build/stm32f4xx_hal_adc.o
 .debug_loc     0x000096b1      0xc8a build/stm32f4xx_hal_adc_ex.o
 .debug_loc     0x0000a33b      0x6e4 build/stm32f4xx_hal_rcc.o
 .debug_loc     0x0000aa1f      0x5e8 build/stm32f4xx_hal_gpio.o
 .debug_loc     0x0000b007      0xd6d build/stm32f4xx_hal_dma.o